Component: ARM Compiler 5.06 update 6 (build 750) Tool: armlink [4d35ed]

==============================================================================

Section Cross References

    startup_stm32f429_439xx.o(RESET) refers to startup_stm32f429_439xx.o(STACK) for __initial_sp
    startup_stm32f429_439xx.o(RESET) refers to startup_stm32f429_439xx.o(.text) for Reset_Handler
    startup_stm32f429_439xx.o(RESET) refers to stm32f4xx_it.o(i.NMI_Handler) for NMI_Handler
    startup_stm32f429_439xx.o(RESET) refers to stm32f4xx_it.o(i.HardFault_Handler) for HardFault_Handler
    startup_stm32f429_439xx.o(RESET) refers to stm32f4xx_it.o(i.MemManage_Handler) for MemManage_Handler
    startup_stm32f429_439xx.o(RESET) refers to stm32f4xx_it.o(i.BusFault_Handler) for BusFault_Handler
    startup_stm32f429_439xx.o(RESET) refers to stm32f4xx_it.o(i.UsageFault_Handler) for UsageFault_Handler
    startup_stm32f429_439xx.o(RESET) refers to stm32f4xx_it.o(i.SVC_Handler) for SVC_Handler
    startup_stm32f429_439xx.o(RESET) refers to stm32f4xx_it.o(i.DebugMon_Handler) for DebugMon_Handler
    startup_stm32f429_439xx.o(RESET) refers to stm32f4xx_it.o(i.PendSV_Handler) for PendSV_Handler
    startup_stm32f429_439xx.o(RESET) refers to stm32f4xx_it.o(i.SysTick_Handler) for SysTick_Handler
    startup_stm32f429_439xx.o(RESET) refers to bsp_touch_gtxx.o(i.EXTI15_10_IRQHandler) for EXTI15_10_IRQHandler
    startup_stm32f429_439xx.o(.text) refers to system_stm32f4xx.o(i.SystemInit) for SystemInit
    startup_stm32f429_439xx.o(.text) refers to entry.o(.ARM.Collect$$$$00000000) for __main
    system_stm32f4xx.o(i.SystemCoreClockUpdate) refers to system_stm32f4xx.o(.data) for .data
    system_stm32f4xx.o(i.SystemInit) refers to system_stm32f4xx.o(i.SetSysClock) for SetSysClock
    stm32f4xx_adc.o(i.ADC_DeInit) refers to stm32f4xx_rcc.o(i.RCC_APB2PeriphResetCmd) for RCC_APB2PeriphResetCmd
    stm32f4xx_can.o(i.CAN_DeInit) refers to stm32f4xx_rcc.o(i.RCC_APB1PeriphResetCmd) for RCC_APB1PeriphResetCmd
    stm32f4xx_can.o(i.CAN_GetITStatus) refers to stm32f4xx_can.o(i.CheckITStatus) for CheckITStatus
    stm32f4xx_cryp.o(i.CRYP_DeInit) refers to stm32f4xx_rcc.o(i.RCC_AHB2PeriphResetCmd) for RCC_AHB2PeriphResetCmd
    stm32f4xx_cryp_aes.o(i.CRYP_AES_CBC) refers to stm32f4xx_cryp.o(i.CRYP_KeyStructInit) for CRYP_KeyStructInit
    stm32f4xx_cryp_aes.o(i.CRYP_AES_CBC) refers to stm32f4xx_cryp.o(i.CRYP_KeyInit) for CRYP_KeyInit
    stm32f4xx_cryp_aes.o(i.CRYP_AES_CBC) refers to stm32f4xx_cryp.o(i.CRYP_Init) for CRYP_Init
    stm32f4xx_cryp_aes.o(i.CRYP_AES_CBC) refers to stm32f4xx_cryp.o(i.CRYP_IVInit) for CRYP_IVInit
    stm32f4xx_cryp_aes.o(i.CRYP_AES_CBC) refers to stm32f4xx_cryp.o(i.CRYP_FIFOFlush) for CRYP_FIFOFlush
    stm32f4xx_cryp_aes.o(i.CRYP_AES_CBC) refers to stm32f4xx_cryp.o(i.CRYP_Cmd) for CRYP_Cmd
    stm32f4xx_cryp_aes.o(i.CRYP_AES_CBC) refers to stm32f4xx_cryp.o(i.CRYP_GetCmdStatus) for CRYP_GetCmdStatus
    stm32f4xx_cryp_aes.o(i.CRYP_AES_CBC) refers to stm32f4xx_cryp.o(i.CRYP_GetFlagStatus) for CRYP_GetFlagStatus
    stm32f4xx_cryp_aes.o(i.CRYP_AES_CBC) refers to stm32f4xx_cryp.o(i.CRYP_DataIn) for CRYP_DataIn
    stm32f4xx_cryp_aes.o(i.CRYP_AES_CBC) refers to stm32f4xx_cryp.o(i.CRYP_DataOut) for CRYP_DataOut
    stm32f4xx_cryp_aes.o(i.CRYP_AES_CCM) refers to stm32f4xx_cryp.o(i.CRYP_KeyStructInit) for CRYP_KeyStructInit
    stm32f4xx_cryp_aes.o(i.CRYP_AES_CCM) refers to stm32f4xx_cryp.o(i.CRYP_FIFOFlush) for CRYP_FIFOFlush
    stm32f4xx_cryp_aes.o(i.CRYP_AES_CCM) refers to stm32f4xx_cryp.o(i.CRYP_KeyInit) for CRYP_KeyInit
    stm32f4xx_cryp_aes.o(i.CRYP_AES_CCM) refers to stm32f4xx_cryp.o(i.CRYP_IVInit) for CRYP_IVInit
    stm32f4xx_cryp_aes.o(i.CRYP_AES_CCM) refers to stm32f4xx_cryp.o(i.CRYP_Init) for CRYP_Init
    stm32f4xx_cryp_aes.o(i.CRYP_AES_CCM) refers to stm32f4xx_cryp.o(i.CRYP_PhaseConfig) for CRYP_PhaseConfig
    stm32f4xx_cryp_aes.o(i.CRYP_AES_CCM) refers to stm32f4xx_cryp.o(i.CRYP_DataIn) for CRYP_DataIn
    stm32f4xx_cryp_aes.o(i.CRYP_AES_CCM) refers to stm32f4xx_cryp.o(i.CRYP_Cmd) for CRYP_Cmd
    stm32f4xx_cryp_aes.o(i.CRYP_AES_CCM) refers to stm32f4xx_cryp.o(i.CRYP_GetCmdStatus) for CRYP_GetCmdStatus
    stm32f4xx_cryp_aes.o(i.CRYP_AES_CCM) refers to stm32f4xx_cryp.o(i.CRYP_GetFlagStatus) for CRYP_GetFlagStatus
    stm32f4xx_cryp_aes.o(i.CRYP_AES_CCM) refers to stm32f4xx_cryp.o(i.CRYP_DataOut) for CRYP_DataOut
    stm32f4xx_cryp_aes.o(i.CRYP_AES_CTR) refers to stm32f4xx_cryp.o(i.CRYP_KeyStructInit) for CRYP_KeyStructInit
    stm32f4xx_cryp_aes.o(i.CRYP_AES_CTR) refers to stm32f4xx_cryp.o(i.CRYP_KeyInit) for CRYP_KeyInit
    stm32f4xx_cryp_aes.o(i.CRYP_AES_CTR) refers to stm32f4xx_cryp.o(i.CRYP_Init) for CRYP_Init
    stm32f4xx_cryp_aes.o(i.CRYP_AES_CTR) refers to stm32f4xx_cryp.o(i.CRYP_IVInit) for CRYP_IVInit
    stm32f4xx_cryp_aes.o(i.CRYP_AES_CTR) refers to stm32f4xx_cryp.o(i.CRYP_FIFOFlush) for CRYP_FIFOFlush
    stm32f4xx_cryp_aes.o(i.CRYP_AES_CTR) refers to stm32f4xx_cryp.o(i.CRYP_Cmd) for CRYP_Cmd
[...]
    ../fplib/microlib/fpdiv.c                0x00000000   Number         0  ddiv.o ABSOLUTE
    ../fplib/microlib/fpepilogue.c           0x00000000   Number         0  depilogue.o ABSOLUTE
    ../fplib/microlib/fpfix.c                0x00000000   Number         0  dfixul.o ABSOLUTE
    ../fplib/microlib/fpmul.c                0x00000000   Number         0  dmul.o ABSOLUTE
    ..\..\Libraries\CMSIS\Device\ST\STM32F4xx\Source\Templates\arm\startup_stm32f429_439xx.s 0x00000000   Number         0  startup_stm32f429_439xx.o ABSOLUTE
    ..\..\Libraries\CMSIS\Device\ST\STM32F4xx\Source\Templates\system_stm32f4xx.c 0x00000000   Number         0  system_stm32f4xx.o ABSOLUTE
    ..\..\Libraries\STM32F4xx_StdPeriph_Driver\src\misc.c 0x00000000   Number         0  misc.o ABSOLUTE
    ..\..\Libraries\STM32F4xx_StdPeriph_Driver\src\stm32f4xx_adc.c 0x00000000   Number         0  stm32f4xx_adc.o ABSOLUTE
    ..\..\Libraries\STM32F4xx_StdPeriph_Driver\src\stm32f4xx_can.c 0x00000000   Number         0  stm32f4xx_can.o ABSOLUTE
    ..\..\Libraries\STM32F4xx_StdPeriph_Driver\src\stm32f4xx_cec.c 0x00000000   Number         0  stm32f4xx_cec.o ABSOLUTE
    ..\..\Libraries\STM32F4xx_StdPeriph_Driver\src\stm32f4xx_crc.c 0x00000000   Number         0  stm32f4xx_crc.o ABSOLUTE
    ..\..\Libraries\STM32F4xx_StdPeriph_Driver\src\stm32f4xx_cryp.c 0x00000000   Number         0  stm32f4xx_cryp.o ABSOLUTE
    ..\..\Libraries\STM32F4xx_StdPeriph_Driver\src\stm32f4xx_cryp_aes.c 0x00000000   Number         0  stm32f4xx_cryp_aes.o ABSOLUTE
    ..\..\Libraries\STM32F4xx_StdPeriph_Driver\src\stm32f4xx_cryp_des.c 0x00000000   Number         0  stm32f4xx_cryp_des.o ABSOLUTE
    ..\..\Libraries\STM32F4xx_StdPeriph_Driver\src\stm32f4xx_cryp_tdes.c 0x00000000   Number         0  stm32f4xx_cryp_tdes.o ABSOLUTE
    ..\..\Libraries\STM32F4xx_StdPeriph_Driver\src\stm32f4xx_dac.c 0x00000000   Number         0  stm32f4xx_dac.o ABSOLUTE
    ..\..\Libraries\STM32F4xx_StdPeriph_Driver\src\stm32f4xx_dbgmcu.c 0x00000000   Number         0  stm32f4xx_dbgmcu.o ABSOLUTE
    ..\..\Libraries\STM32F4xx_StdPeriph_Driver\src\stm32f4xx_dcmi.c 0x00000000   Number         0  stm32f4xx_dcmi.o ABSOLUTE
    ..\..\Libraries\STM32F4xx_StdPeriph_Driver\src\stm32f4xx_dma.c 0x00000000   Number         0  stm32f4xx_dma.o ABSOLUTE
    ..\..\Libraries\STM32F4xx_StdPeriph_Driver\src\stm32f4xx_dma2d.c 0x00000000   Number         0  stm32f4xx_dma2d.o ABSOLUTE
    ..\..\Libraries\STM32F4xx_StdPeriph_Driver\src\stm32f4xx_exti.c 0x00000000   Number         0  stm32f4xx_exti.o ABSOLUTE
    ..\..\Libraries\STM32F4xx_StdPeriph_Driver\src\stm32f4xx_flash.c 0x00000000   Number         0  stm32f4xx_flash.o ABSOLUTE
    ..\..\Libraries\STM32F4xx_StdPeriph_Driver\src\stm32f4xx_flash_ramfunc.c 0x00000000   Number         0  stm32f4xx_flash_ramfunc.o ABSOLUTE
    ..\..\Libraries\STM32F4xx_StdPeriph_Driver\src\stm32f4xx_fmc.c 0x00000000   Number         0  stm32f4xx_fmc.o ABSOLUTE
    ..\..\Libraries\STM32F4xx_StdPeriph_Driver\src\stm32f4xx_fmpi2c.c 0x00000000   Number         0  stm32f4xx_fmpi2c.o ABSOLUTE
    ..\..\Libraries\STM32F4xx_StdPeriph_Driver\src\stm32f4xx_gpio.c 0x00000000   Number         0  stm32f4xx_gpio.o ABSOLUTE
    ..\..\Libraries\STM32F4xx_StdPeriph_Driver\src\stm32f4xx_hash.c 0x00000000   Number         0  stm32f4xx_hash.o ABSOLUTE
    ..\..\Libraries\STM32F4xx_StdPeriph_Driver\src\stm32f4xx_hash_md5.c 0x00000000   Number         0  stm32f4xx_hash_md5.o ABSOLUTE
    ..\..\Libraries\STM32F4xx_StdPeriph_Driver\src\stm32f4xx_hash_sha1.c 0x00000000   Number         0  stm32f4xx_hash_sha1.o ABSOLUTE
    ..\..\Libraries\STM32F4xx_StdPeriph_Driver\src\stm32f4xx_i2c.c 0x00000000   Number         0  stm32f4xx_i2c.o ABSOLUTE
    ..\..\Libraries\STM32F4xx_StdPeriph_Driver\src\stm32f4xx_iwdg.c 0x00000000   Number         0  stm32f4xx_iwdg.o ABSOLUTE
    ..\..\Libraries\STM32F4xx_StdPeriph_Driver\src\stm32f4xx_ltdc.c 0x00000000   Number         0  stm32f4xx_ltdc.o ABSOLUTE
    ..\..\Libraries\STM32F4xx_StdPeriph_Driver\src\stm32f4xx_pwr.c 0x00000000   Number         0  stm32f4xx_pwr.o ABSOLUTE
    ..\..\Libraries\STM32F4xx_StdPeriph_Driver\src\stm32f4xx_qspi.c 0x00000000   Number         0  stm32f4xx_qspi.o ABSOLUTE
    ..\..\Libraries\STM32F4xx_StdPeriph_Driver\src\stm32f4xx_rcc.c 0x00000000   Number         0  stm32f4xx_rcc.o ABSOLUTE
    ..\..\Libraries\STM32F4xx_StdPeriph_Driver\src\stm32f4xx_rng.c 0x00000000   Number         0  stm32f4xx_rng.o ABSOLUTE
    ..\..\Libraries\STM32F4xx_StdPeriph_Driver\src\stm32f4xx_rtc.c 0x00000000   Number         0  stm32f4xx_rtc.o ABSOLUTE
    ..\..\Libraries\STM32F4xx_StdPeriph_Driver\src\stm32f4xx_sai.c 0x00000000   Number         0  stm32f4xx_sai.o ABSOLUTE
    ..\..\Libraries\STM32F4xx_StdPeriph_Driver\src\stm32f4xx_sdio.c 0x00000000   Number         0  stm32f4xx_sdio.o ABSOLUTE
    ..\..\Libraries\STM32F4xx_StdPeriph_Driver\src\stm32f4xx_spdifrx.c 0x00000000   Number         0  stm32f4xx_spdifrx.o ABSOLUTE
    ..\..\Libraries\STM32F4xx_StdPeriph_Driver\src\stm32f4xx_spi.c 0x00000000   Number         0  stm32f4xx_spi.o ABSOLUTE
    ..\..\Libraries\STM32F4xx_StdPeriph_Driver\src\stm32f4xx_syscfg.c 0x00000000   Number         0  stm32f4xx_syscfg.o ABSOLUTE
    ..\..\Libraries\STM32F4xx_StdPeriph_Driver\src\stm32f4xx_tim.c 0x00000000   Number         0  stm32f4xx_tim.o ABSOLUTE
    ..\..\Libraries\STM32F4xx_StdPeriph_Driver\src\stm32f4xx_usart.c 0x00000000   Number         0  stm32f4xx_usart.o ABSOLUTE
    ..\..\Libraries\STM32F4xx_StdPeriph_Driver\src\stm32f4xx_wwdg.c 0x00000000   Number         0  stm32f4xx_wwdg.o ABSOLUTE
    ..\..\User\flash\bsp_spi_flash.c         0x00000000   Number         0  bsp_spi_flash.o ABSOLUTE
    ..\..\User\font\fonts.c                  0x00000000   Number         0  fonts.o ABSOLUTE
    ..\..\User\lcd\bsp_lcd.c                 0x00000000   Number         0  bsp_lcd.o ABSOLUTE
    ..\..\User\led\bsp_led.c                 0x00000000   Number         0  bsp_led.o ABSOLUTE
    ..\..\User\main.c                        0x00000000   Number         0  main.o ABSOLUTE
    ..\..\User\sdram\bsp_sdram.c             0x00000000   Number         0  bsp_sdram.o ABSOLUTE
    ..\..\User\stm32f4xx_it.c                0x00000000   Number         0  stm32f4xx_it.o ABSOLUTE
    ..\..\User\touch\bsp_i2c_touch.c         0x00000000   Number         0  bsp_i2c_touch.o ABSOLUTE
    ..\..\User\touch\bsp_touch_gtxx.c        0x00000000   Number         0  bsp_touch_gtxx.o ABSOLUTE
    ..\..\User\touch\palette.c               0x00000000   Number         0  palette.o ABSOLUTE
    ..\..\User\usart\bsp_debug_usart.c       0x00000000   Number         0  bsp_debug_usart.o ABSOLUTE
    ..\\..\\Libraries\\CMSIS\\Device\\ST\\STM32F4xx\\Source\\Templates\\system_stm32f4xx.c 0x00000000   Number         0  system_stm32f4xx.o ABSOLUTE
    ..\\..\\Libraries\\STM32F4xx_StdPeriph_Driver\\src\\misc.c 0x00000000   Number         0  misc.o ABSOLUTE
    ..\\..\\Libraries\\STM32F4xx_StdPeriph_Driver\\src\\stm32f4xx_adc.c 0x00000000   Number         0  stm32f4xx_adc.o ABSOLUTE
    ..\\..\\Libraries\\STM32F4xx_StdPeriph_Driver\\src\\stm32f4xx_can.c 0x00000000   Number         0  stm32f4xx_can.o ABSOLUTE
    ..\\..\\Libraries\\STM32F4xx_StdPeriph_Driver\\src\\stm32f4xx_cec.c 0x00000000   Number         0  stm32f4xx_cec.o ABSOLUTE
    ..\\..\\Libraries\\STM32F4xx_StdPeriph_Driver\\src\\stm32f4xx_crc.c 0x00000000   Number         0  stm32f4xx_crc.o ABSOLUTE
    ..\\..\\Libraries\\STM32F4xx_StdPeriph_Driver\\src\\stm32f4xx_cryp.c 0x00000000   Number         0  stm32f4xx_cryp.o ABSOLUTE
    ..\\..\\Libraries\\STM32F4xx_StdPeriph_Driver\\src\\stm32f4xx_cryp_aes.c 0x00000000   Number         0  stm32f4xx_cryp_aes.o ABSOLUTE
    ..\\..\\Libraries\\STM32F4xx_StdPeriph_Driver\\src\\stm32f4xx_cryp_des.c 0x00000000   Number         0  stm32f4xx_cryp_des.o ABSOLUTE
    ..\\..\\Libraries\\STM32F4xx_StdPeriph_Driver\\src\\stm32f4xx_cryp_tdes.c 0x00000000   Number         0  stm32f4xx_cryp_tdes.o ABSOLUTE
    ..\\..\\Libraries\\STM32F4xx_StdPeriph_Driver\\src\\stm32f4xx_dac.c 0x00000000   Number         0  stm32f4xx_dac.o ABSOLUTE
    ..\\..\\Libraries\\STM32F4xx_StdPeriph_Driver\\src\\stm32f4xx_dbgmcu.c 0x00000000   Number         0  stm32f4xx_dbgmcu.o ABSOLUTE
    ..\\..\\Libraries\\STM32F4xx_StdPeriph_Driver\\src\\stm32f4xx_dcmi.c 0x00000000   Number         0  stm32f4xx_dcmi.o ABSOLUTE
    ..\\..\\Libraries\\STM32F4xx_StdPeriph_Driver\\src\\stm32f4xx_dma.c 0x00000000   Number         0  stm32f4xx_dma.o ABSOLUTE
    ..\\..\\Libraries\\STM32F4xx_StdPeriph_Driver\\src\\stm32f4xx_dma2d.c 0x00000000   Number         0  stm32f4xx_dma2d.o ABSOLUTE
    ..\\..\\Libraries\\STM32F4xx_StdPeriph_Driver\\src\\stm32f4xx_exti.c 0x00000000   Number         0  stm32f4xx_exti.o ABSOLUTE
    ..\\..\\Libraries\\STM32F4xx_StdPeriph_Driver\\src\\stm32f4xx_flash.c 0x00000000   Number         0  stm32f4xx_flash.o ABSOLUTE
    ..\\..\\Libraries\\STM32F4xx_StdPeriph_Driver\\src\\stm32f4xx_flash_ramfunc.c 0x00000000   Number         0  stm32f4xx_flash_ramfunc.o ABSOLUTE
    ..\\..\\Libraries\\STM32F4xx_StdPeriph_Driver\\src\\stm32f4xx_fmc.c 0x00000000   Number         0  stm32f4xx_fmc.o ABSOLUTE
    ..\\..\\Libraries\\STM32F4xx_StdPeriph_Driver\\src\\stm32f4xx_fmpi2c.c 0x00000000   Number         0  stm32f4xx_fmpi2c.o ABSOLUTE
    ..\\..\\Libraries\\STM32F4xx_StdPeriph_Driver\\src\\stm32f4xx_gpio.c 0x00000000   Number         0  stm32f4xx_gpio.o ABSOLUTE
    ..\\..\\Libraries\\STM32F4xx_StdPeriph_Driver\\src\\stm32f4xx_hash.c 0x00000000   Number         0  stm32f4xx_hash.o ABSOLUTE
    ..\\..\\Libraries\\STM32F4xx_StdPeriph_Driver\\src\\stm32f4xx_hash_md5.c 0x00000000   Number         0  stm32f4xx_hash_md5.o ABSOLUTE
    ..\\..\\Libraries\\STM32F4xx_StdPeriph_Driver\\src\\stm32f4xx_hash_sha1.c 0x00000000   Number         0  stm32f4xx_hash_sha1.o ABSOLUTE
    ..\\..\\Libraries\\STM32F4xx_StdPeriph_Driver\\src\\stm32f4xx_i2c.c 0x00000000   Number         0  stm32f4xx_i2c.o ABSOLUTE
    ..\\..\\Libraries\\STM32F4xx_StdPeriph_Driver\\src\\stm32f4xx_iwdg.c 0x00000000   Number         0  stm32f4xx_iwdg.o ABSOLUTE
    ..\\..\\Libraries\\STM32F4xx_StdPeriph_Driver\\src\\stm32f4xx_ltdc.c 0x00000000   Number         0  stm32f4xx_ltdc.o ABSOLUTE
    ..\\..\\Libraries\\STM32F4xx_StdPeriph_Driver\\src\\stm32f4xx_pwr.c 0x00000000   Number         0  stm32f4xx_pwr.o ABSOLUTE
    ..\\..\\Libraries\\STM32F4xx_StdPeriph_Driver\\src\\stm32f4xx_qspi.c 0x00000000   Number         0  stm32f4xx_qspi.o ABSOLUTE
    ..\\..\\Libraries\\STM32F4xx_StdPeriph_Driver\\src\\stm32f4xx_rcc.c 0x00000000   Number         0  stm32f4xx_rcc.o ABSOLUTE
    ..\\..\\Libraries\\STM32F4xx_StdPeriph_Driver\\src\\stm32f4xx_rng.c 0x00000000   Number         0  stm32f4xx_rng.o ABSOLUTE
    ..\\..\\Libraries\\STM32F4xx_StdPeriph_Driver\\src\\stm32f4xx_rtc.c 0x00000000   Number         0  stm32f4xx_rtc.o ABSOLUTE
    ..\\..\\Libraries\\STM32F4xx_StdPeriph_Driver\\src\\stm32f4xx_sai.c 0x00000000   Number         0  stm32f4xx_sai.o ABSOLUTE
    ..\\..\\Libraries\\STM32F4xx_StdPeriph_Driver\\src\\stm32f4xx_sdio.c 0x00000000   Number         0  stm32f4xx_sdio.o ABSOLUTE
    ..\\..\\Libraries\\STM32F4xx_StdPeriph_Driver\\src\\stm32f4xx_spdifrx.c 0x00000000   Number         0  stm32f4xx_spdifrx.o ABSOLUTE
    ..\\..\\Libraries\\STM32F4xx_StdPeriph_Driver\\src\\stm32f4xx_spi.c 0x00000000   Number         0  stm32f4xx_spi.o ABSOLUTE
    ..\\..\\Libraries\\STM32F4xx_StdPeriph_Driver\\src\\stm32f4xx_syscfg.c 0x00000000   Number         0  stm32f4xx_syscfg.o ABSOLUTE
    ..\\..\\Libraries\\STM32F4xx_StdPeriph_Driver\\src\\stm32f4xx_tim.c 0x00000000   Number         0  stm32f4xx_tim.o ABSOLUTE
    ..\\..\\Libraries\\STM32F4xx_StdPeriph_Driver\\src\\stm32f4xx_usart.c 0x00000000   Number         0  stm32f4xx_usart.o ABSOLUTE
    ..\\..\\Libraries\\STM32F4xx_StdPeriph_Driver\\src\\stm32f4xx_wwdg.c 0x00000000   Number         0  stm32f4xx_wwdg.o ABSOLUTE
    ..\\..\\User\\flash\\bsp_spi_flash.c     0x00000000   Number         0  bsp_spi_flash.o ABSOLUTE
    ..\\..\\User\\font\\fonts.c              0x00000000   Number         0  fonts.o ABSOLUTE
    ..\\..\\User\\lcd\\bsp_lcd.c             0x00000000   Number         0  bsp_lcd.o ABSOLUTE
    ..\\..\\User\\led\\bsp_led.c             0x00000000   Number         0  bsp_led.o ABSOLUTE
    ..\\..\\User\\main.c                     0x00000000   Number         0  main.o ABSOLUTE
    ..\\..\\User\\sdram\\bsp_sdram.c         0x00000000   Number         0  bsp_sdram.o ABSOLUTE
    ..\\..\\User\\stm32f4xx_it.c             0x00000000   Number         0  stm32f4xx_it.o ABSOLUTE
    ..\\..\\User\\touch\\bsp_i2c_touch.c     0x00000000   Number         0  bsp_i2c_touch.o ABSOLUTE
    ..\\..\\User\\touch\\bsp_touch_gtxx.c    0x00000000   Number         0  bsp_touch_gtxx.o ABSOLUTE
    ..\\..\\User\\touch\\palette.c           0x00000000   Number         0  palette.o ABSOLUTE
    ..\\..\\User\\usart\\bsp_debug_usart.c   0x00000000   Number         0  bsp_debug_usart.o ABSOLUTE
    cdrcmple.s                               0x00000000   Number         0  cdrcmple.o ABSOLUTE
    dc.s                                     0x00000000   Number         0  dc.o ABSOLUTE
    handlers.s                               0x00000000   Number         0  handlers.o ABSOLUTE
    init.s                                   0x00000000   Number         0  init.o ABSOLUTE
    RESET                                    0x08000000   Section      428  startup_stm32f429_439xx.o(RESET)
    .ARM.Collect$$$$00000000                 0x080001ac   Section        0  entry.o(.ARM.Collect$$$$00000000)
    .ARM.Collect$$$$00000001                 0x080001ac   Section        4  entry2.o(.ARM.Collect$$$$00000001)
    .ARM.Collect$$$$00000004                 0x080001b0   Section        4  entry5.o(.ARM.Collect$$$$00000004)
    .ARM.Collect$$$$00000008                 0x080001b4   Section        0  entry7b.o(.ARM.Collect$$$$00000008)
    .ARM.Collect$$$$0000000A                 0x080001b4   Section        0  entry8b.o(.ARM.Collect$$$$0000000A)
    .ARM.Collect$$$$0000000B                 0x080001b4   Section        8  entry9a.o(.ARM.Collect$$$$0000000B)
    .ARM.Collect$$$$0000000D                 0x080001bc   Section        0  entry10a.o(.ARM.Collect$$$$0000000D)
    .ARM.Collect$$$$0000000F                 0x080001bc   Section        0  entry11a.o(.ARM.Collect$$$$0000000F)
    .ARM.Collect$$$$00002712                 0x080001bc   Section        4  entry2.o(.ARM.Collect$$$$00002712)
    __lit__00000000                          0x080001bc   Data           4  entry2.o(.ARM.Collect$$$$00002712)
    .text                                    0x080001c0   Section       36  startup_stm32f429_439xx.o(.text)
    $v0                                      0x080001c0   Number         0  startup_stm32f429_439xx.o(.text)
    .text                                    0x080001e4   Section        0  memcpya.o(.text)
    .text                                    0x08000208   Section        0  memseta.o(.text)
    .text                                    0x0800022c   Section        0  uldiv.o(.text)
    .text                                    0x08000290   Section       36  init.o(.text)
    .text                                    0x080002b4   Section        0  llshl.o(.text)
    .text                                    0x080002d2   Section        0  llushr.o(.text)
    .text                                    0x080002f2   Section        0  __dczerorl2.o(.text)
    i.BusFault_Handler                       0x08000348   Section        0  stm32f4xx_it.o(i.BusFault_Handler)
    i.Command_Clear_Palette                  0x0800034c   Section        0  palette.o(i.Command_Clear_Palette)
    Command_Clear_Palette                    0x0800034d   Thumb Code    68  palette.o(i.Command_Clear_Palette)
    i.Command_Select_Brush                   0x0800039c   Section        0  palette.o(i.Command_Select_Brush)
    Command_Select_Brush                     0x0800039d   Thumb Code    18  palette.o(i.Command_Select_Brush)
    i.Command_Select_Color                   0x080003b4   Section        0  palette.o(i.Command_Select_Color)
    Command_Select_Color                     0x080003b5   Thumb Code    30  palette.o(i.Command_Select_Color)
    i.DMA2D_DeInit                           0x080003d8   Section        0  stm32f4xx_dma2d.o(i.DMA2D_DeInit)
    i.DMA2D_GetFlagStatus                    0x080003f0   Section        0  stm32f4xx_dma2d.o(i.DMA2D_GetFlagStatus)
    i.DMA2D_Init                             0x08000404   Section        0  stm32f4xx_dma2d.o(i.DMA2D_Init)
    i.DMA2D_StartTransfer                    0x080004bc   Section        0  stm32f4xx_dma2d.o(i.DMA2D_StartTransfer)
    i.DebugMon_Handler                       0x080004cc   Section        0  stm32f4xx_it.o(i.DebugMon_Handler)
    i.Debug_USART_Config                     0x080004d0   Section        0  bsp_debug_usart.o(i.Debug_USART_Config)
    i.Delay                                  0x08000568   Section        0  main.o(i.Delay)
    i.Delay                                  0x0800057a   Section        0  bsp_i2c_touch.o(i.Delay)
    Delay                                    0x0800057b   Thumb Code    18  bsp_i2c_touch.o(i.Delay)
    i.Delay                                  0x0800058c   Section        0  bsp_touch_gtxx.o(i.Delay)
    Delay                                    0x0800058d   Thumb Code    18  bsp_touch_gtxx.o(i.Delay)
    i.Draw_Clear_Button                      0x080005a0   Section        0  palette.o(i.Draw_Clear_Button)
    Draw_Clear_Button                        0x080005a1   Thumb Code   204  palette.o(i.Draw_Clear_Button)
    i.Draw_Color_Button                      0x08000674   Section        0  palette.o(i.Draw_Color_Button)
    Draw_Color_Button                        0x08000675   Thumb Code   108  palette.o(i.Draw_Color_Button)
    i.Draw_Shape_Button                      0x080006e0   Section        0  palette.o(i.Draw_Shape_Button)
    Draw_Shape_Button                        0x080006e1   Thumb Code   674  palette.o(i.Draw_Shape_Button)
    i.Draw_Trail                             0x0800098c   Section        0  palette.o(i.Draw_Trail)
    i.EXTI15_10_IRQHandler                   0x08000b40   Section        0  bsp_touch_gtxx.o(i.EXTI15_10_IRQHandler)
    i.EXTI_ClearITPendingBit                 0x08000b60   Section        0  stm32f4xx_exti.o(i.EXTI_ClearITPendingBit)
    i.EXTI_GetITStatus                       0x08000b6c   Section        0  stm32f4xx_exti.o(i.EXTI_GetITStatus)
    i.EXTI_Init                              0x08000b80   Section        0  stm32f4xx_exti.o(i.EXTI_Init)
    i.FMC_GetFlagStatus                      0x08000bf4   Section        0  stm32f4xx_fmc.o(i.FMC_GetFlagStatus)
    i.FMC_SDRAMCmdConfig                     0x08000c2c   Section        0  stm32f4xx_fmc.o(i.FMC_SDRAMCmdConfig)
    i.FMC_SDRAMInit                          0x08000c4c   Section        0  stm32f4xx_fmc.o(i.FMC_SDRAMInit)
    i.FMC_SetRefreshCount                    0x08000d54   Section        0  stm32f4xx_fmc.o(i.FMC_SetRefreshCount)
    i.GPIO_Init                              0x08000d64   Section        0  stm32f4xx_gpio.o(i.GPIO_Init)
    i.GPIO_PinAFConfig                       0x08000de0   Section        0  stm32f4xx_gpio.o(i.GPIO_PinAFConfig)
    i.GPIO_ReadInputDataBit                  0x08000e00   Section        0  stm32f4xx_gpio.o(i.GPIO_ReadInputDataBit)
    i.GPIO_ResetBits                         0x08000e0e   Section        0  stm32f4xx_gpio.o(i.GPIO_ResetBits)
    i.GPIO_SetBits                           0x08000e12   Section        0  stm32f4xx_gpio.o(i.GPIO_SetBits)
    i.GTP_Get_Info                           0x08000e18   Section        0  bsp_touch_gtxx.o(i.GTP_Get_Info)
    GTP_Get_Info                             0x08000e19   Thumb Code   218  bsp_touch_gtxx.o(i.GTP_Get_Info)
    i.GTP_I2C_Read                           0x08000f78   Section        0  bsp_touch_gtxx.o(i.GTP_I2C_Read)
    GTP_I2C_Read                             0x08000f79   Thumb Code   102  bsp_touch_gtxx.o(i.GTP_I2C_Read)
    i.GTP_I2C_Test                           0x08000fe4   Section        0  bsp_touch_gtxx.o(i.GTP_I2C_Test)
    GTP_I2C_Test                             0x08000fe5   Thumb Code    80  bsp_touch_gtxx.o(i.GTP_I2C_Test)
    i.GTP_I2C_Write                          0x0800106c   Section        0  bsp_touch_gtxx.o(i.GTP_I2C_Write)
    GTP_I2C_Write                            0x0800106d   Thumb Code    76  bsp_touch_gtxx.o(i.GTP_I2C_Write)
    i.GTP_IRQ_Enable                         0x080010bc   Section        0  bsp_touch_gtxx.o(i.GTP_IRQ_Enable)
    i.GTP_Init_Panel                         0x080010c0   Section        0  bsp_touch_gtxx.o(i.GTP_Init_Panel)
    i.GTP_Read_Version                       0x080014a4   Section        0  bsp_touch_gtxx.o(i.GTP_Read_Version)
    i.GTP_TouchProcess                       0x08001744   Section        0  bsp_touch_gtxx.o(i.GTP_TouchProcess)
    i.GTP_Touch_Down                         0x08001748   Section        0  bsp_touch_gtxx.o(i.GTP_Touch_Down)
    GTP_Touch_Down                           0x08001749   Thumb Code    78  bsp_touch_gtxx.o(i.GTP_Touch_Down)
    i.GTP_Touch_Up                           0x080017d0   Section        0  bsp_touch_gtxx.o(i.GTP_Touch_Up)
    GTP_Touch_Up                             0x080017d1   Thumb Code    50  bsp_touch_gtxx.o(i.GTP_Touch_Up)
    i.GetGBKCode_from_EXFlash                0x08001834   Section        0  fonts.o(i.GetGBKCode_from_EXFlash)
    i.Goodix_TS_Work_Func                    0x0800187c   Section        0  bsp_touch_gtxx.o(i.Goodix_TS_Work_Func)
    Goodix_TS_Work_Func                      0x0800187d   Thumb Code   310  bsp_touch_gtxx.o(i.Goodix_TS_Work_Func)
    i.HardFault_Handler                      0x08001a1c   Section        0  stm32f4xx_it.o(i.HardFault_Handler)
    i.I2C_GPIO_Config                        0x08001a60   Section        0  bsp_i2c_touch.o(i.I2C_GPIO_Config)
    I2C_GPIO_Config                          0x08001a61   Thumb Code   138  bsp_i2c_touch.o(i.I2C_GPIO_Config)
    i.I2C_GTP_IRQDisable                     0x08001af4   Section        0  bsp_i2c_touch.o(i.I2C_GTP_IRQDisable)
    i.I2C_GTP_IRQEnable                      0x08001b60   Section        0  bsp_i2c_touch.o(i.I2C_GTP_IRQEnable)
    i.I2C_ReadBytes                          0x08001bcc   Section        0  bsp_i2c_touch.o(i.I2C_ReadBytes)
    i.I2C_ResetChip                          0x08001c14   Section        0  bsp_i2c_touch.o(i.I2C_ResetChip)
    i.I2C_Touch_Init                         0x08001c84   Section        0  bsp_i2c_touch.o(i.I2C_Touch_Init)
    i.I2C_Transfer                           0x08001c96   Section        0  bsp_touch_gtxx.o(i.I2C_Transfer)
    I2C_Transfer                             0x08001c97   Thumb Code    68  bsp_touch_gtxx.o(i.I2C_Transfer)
    i.I2C_WriteBytes                         0x08001cda   Section        0  bsp_i2c_touch.o(i.I2C_WriteBytes)
    i.LCD_Clear                              0x08001d34   Section        0  bsp_lcd.o(i.LCD_Clear)
    i.LCD_DispChar_CH                        0x08001da0   Section        0  bsp_lcd.o(i.LCD_DispChar_CH)
    i.LCD_DispString_EN_CH                   0x08001e40   Section        0  bsp_lcd.o(i.LCD_DispString_EN_CH)
    i.LCD_DisplayChar                        0x08001eec   Section        0  bsp_lcd.o(i.LCD_DisplayChar)
    i.LCD_DrawChar                           0x08001f0c   Section        0  bsp_lcd.o(i.LCD_DrawChar)
    i.LCD_DrawCircle                         0x08001fbc   Section        0  bsp_lcd.o(i.LCD_DrawCircle)
    i.LCD_DrawFullCircle                     0x08002078   Section        0  bsp_lcd.o(i.LCD_DrawFullCircle)
    i.LCD_DrawFullRect                       0x08002114   Section        0  bsp_lcd.o(i.LCD_DrawFullRect)
    i.LCD_DrawLine                           0x080021ac   Section        0  bsp_lcd.o(i.LCD_DrawLine)
    i.LCD_DrawRect                           0x0800224c   Section        0  bsp_lcd.o(i.LCD_DrawRect)
    i.LCD_DrawUniLine                        0x08002290   Section        0  bsp_lcd.o(i.LCD_DrawUniLine)
    i.LCD_DrawUniLineCircle                  0x08002348   Section        0  palette.o(i.LCD_DrawUniLineCircle)
    LCD_DrawUniLineCircle                    0x08002349   Thumb Code   242  palette.o(i.LCD_DrawUniLineCircle)
    i.LCD_GPIO_Config                        0x08002444   Section        0  bsp_lcd.o(i.LCD_GPIO_Config)
    LCD_GPIO_Config                          0x08002445   Thumb Code   728  bsp_lcd.o(i.LCD_GPIO_Config)
    i.LCD_Init                               0x08002740   Section        0  bsp_lcd.o(i.LCD_Init)
    i.LCD_LayerInit                          0x080027f0   Section        0  bsp_lcd.o(i.LCD_LayerInit)
    i.LCD_SetColors                          0x080028d0   Section        0  bsp_lcd.o(i.LCD_SetColors)
    i.LCD_SetFont                            0x080028dc   Section        0  bsp_lcd.o(i.LCD_SetFont)
    i.LCD_SetLayer                           0x080028e8   Section        0  bsp_lcd.o(i.LCD_SetLayer)
    i.LCD_SetTextColor                       0x08002920   Section        0  bsp_lcd.o(i.LCD_SetTextColor)
    i.LCD_SetTransparency                    0x0800292c   Section        0  bsp_lcd.o(i.LCD_SetTransparency)
    i.LED_GPIO_Config                        0x0800295c   Section        0  bsp_led.o(i.LED_GPIO_Config)
    i.LTDC_Cmd                               0x080029b8   Section        0  stm32f4xx_ltdc.o(i.LTDC_Cmd)
    i.LTDC_DitherCmd                         0x080029d8   Section        0  stm32f4xx_ltdc.o(i.LTDC_DitherCmd)
    i.LTDC_Init                              0x080029f8   Section        0  stm32f4xx_ltdc.o(i.LTDC_Init)
    i.LTDC_LayerAlpha                        0x08002aa0   Section        0  stm32f4xx_ltdc.o(i.LTDC_LayerAlpha)
    i.LTDC_LayerCmd                          0x08002aa4   Section        0  stm32f4xx_ltdc.o(i.LTDC_LayerCmd)
    i.LTDC_LayerInit                         0x08002abc   Section        0  stm32f4xx_ltdc.o(i.LTDC_LayerInit)
    i.LTDC_ReloadConfig                      0x08002b54   Section        0  stm32f4xx_ltdc.o(i.LTDC_ReloadConfig)
    i.MemManage_Handler                      0x08002b60   Section        0  stm32f4xx_it.o(i.MemManage_Handler)
    i.NMI_Handler                            0x08002b62   Section        0  stm32f4xx_it.o(i.NMI_Handler)
    i.NVIC_Init                              0x08002b64   Section        0  misc.o(i.NVIC_Init)
    i.NVIC_PriorityGroupConfig               0x08002bcc   Section        0  misc.o(i.NVIC_PriorityGroupConfig)
    i.Palette_Init                           0x08002be0   Section        0  palette.o(i.Palette_Init)
    i.PendSV_Handler                         0x08002c20   Section        0  stm32f4xx_it.o(i.PendSV_Handler)
    i.PutPixel                               0x08002c24   Section        0  bsp_lcd.o(i.PutPixel)
    i.RCC_AHB1PeriphClockCmd                 0x08002c60   Section        0  stm32f4xx_rcc.o(i.RCC_AHB1PeriphClockCmd)
    i.RCC_AHB1PeriphResetCmd                 0x08002c7c   Section        0  stm32f4xx_rcc.o(i.RCC_AHB1PeriphResetCmd)
    i.RCC_AHB3PeriphClockCmd                 0x08002c98   Section        0  stm32f4xx_rcc.o(i.RCC_AHB3PeriphClockCmd)
    i.RCC_APB1PeriphClockCmd                 0x08002cb4   Section        0  stm32f4xx_rcc.o(i.RCC_APB1PeriphClockCmd)
    i.RCC_APB2PeriphClockCmd                 0x08002cd0   Section        0  stm32f4xx_rcc.o(i.RCC_APB2PeriphClockCmd)
    i.RCC_GetClocksFreq                      0x08002cec   Section        0  stm32f4xx_rcc.o(i.RCC_GetClocksFreq)
    i.RCC_GetFlagStatus                      0x08002d90   Section        0  stm32f4xx_rcc.o(i.RCC_GetFlagStatus)
    i.RCC_LTDCCLKDivConfig                   0x08002dc8   Section        0  stm32f4xx_rcc.o(i.RCC_LTDCCLKDivConfig)
    i.RCC_PLLSAICmd                          0x08002ddc   Section        0  stm32f4xx_rcc.o(i.RCC_PLLSAICmd)
    i.RCC_PLLSAIConfig                       0x08002de8   Section        0  stm32f4xx_rcc.o(i.RCC_PLLSAIConfig)
    i.SDRAM_GPIO_Config                      0x08002dfc   Section        0  bsp_sdram.o(i.SDRAM_GPIO_Config)
    SDRAM_GPIO_Config                        0x08002dfd   Thumb Code   876  bsp_sdram.o(i.SDRAM_GPIO_Config)
    i.SDRAM_Init                             0x08003180   Section        0  bsp_sdram.o(i.SDRAM_Init)
    i.SDRAM_InitSequence                     0x080031dc   Section        0  bsp_sdram.o(i.SDRAM_InitSequence)
    SDRAM_InitSequence                       0x080031dd   Thumb Code   172  bsp_sdram.o(i.SDRAM_InitSequence)
    i.SDRAM_delay                            0x08003288   Section        0  bsp_sdram.o(i.SDRAM_delay)
    SDRAM_delay                              0x08003289   Thumb Code    28  bsp_sdram.o(i.SDRAM_delay)
    i.SPI_Cmd                                0x080032a8   Section        0  stm32f4xx_spi.o(i.SPI_Cmd)
    i.SPI_FLASH_BufferRead                   0x080032c0   Section        0  bsp_spi_flash.o(i.SPI_FLASH_BufferRead)
    i.SPI_FLASH_Init                         0x0800330c   Section        0  bsp_spi_flash.o(i.SPI_FLASH_Init)
    i.SPI_FLASH_SendByte                     0x080033e4   Section        0  bsp_spi_flash.o(i.SPI_FLASH_SendByte)
    i.SPI_I2S_GetFlagStatus                  0x08003454   Section        0  stm32f4xx_spi.o(i.SPI_I2S_GetFlagStatus)
    i.SPI_I2S_ReceiveData                    0x08003462   Section        0  stm32f4xx_spi.o(i.SPI_I2S_ReceiveData)
    i.SPI_I2S_SendData                       0x08003466   Section        0  stm32f4xx_spi.o(i.SPI_I2S_SendData)
    i.SPI_Init                               0x0800346a   Section        0  stm32f4xx_spi.o(i.SPI_Init)
    i.SPI_TIMEOUT_UserCallback               0x080034a4   Section        0  bsp_spi_flash.o(i.SPI_TIMEOUT_UserCallback)
    SPI_TIMEOUT_UserCallback                 0x080034a5   Thumb Code    14  bsp_spi_flash.o(i.SPI_TIMEOUT_UserCallback)
    i.SVC_Handler                            0x080034e4   Section        0  stm32f4xx_it.o(i.SVC_Handler)
    i.SYSCFG_EXTILineConfig                  0x080034e8   Section        0  stm32f4xx_syscfg.o(i.SYSCFG_EXTILineConfig)
    i.SetSysClock                            0x08003514   Section        0  system_stm32f4xx.o(i.SetSysClock)
    SetSysClock                              0x08003515   Thumb Code   196  system_stm32f4xx.o(i.SetSysClock)
    i.SysTick_Handler                        0x080035e8   Section        0  stm32f4xx_it.o(i.SysTick_Handler)
    i.SystemInit                             0x080035ec   Section        0  system_stm32f4xx.o(i.SystemInit)
    i.Touch_Button_Down                      0x08003648   Section        0  palette.o(i.Touch_Button_Down)
    i.Touch_Button_Init                      0x080036a4   Section        0  palette.o(i.Touch_Button_Init)
    i.Touch_Button_Up                        0x08003970   Section        0  palette.o(i.Touch_Button_Up)
    i.USART_Cmd                              0x080039c4   Section        0  stm32f4xx_usart.o(i.USART_Cmd)
    i.USART_GetFlagStatus                    0x080039dc   Section        0  stm32f4xx_usart.o(i.USART_GetFlagStatus)
    i.USART_Init                             0x080039ec   Section        0  stm32f4xx_usart.o(i.USART_Init)
    i.USART_SendData                         0x08003aa8   Section        0  stm32f4xx_usart.o(i.USART_SendData)
    i.UsageFault_Handler                     0x08003ab0   Section        0  stm32f4xx_it.o(i.UsageFault_Handler)
    i.__0printf$8                            0x08003ab4   Section        0  printf8.o(i.__0printf$8)
    i.__scatterload_copy                     0x08003ad4   Section       14  handlers.o(i.__scatterload_copy)
    i.__scatterload_null                     0x08003ae2   Section        2  handlers.o(i.__scatterload_null)
    i.__scatterload_zeroinit                 0x08003ae4   Section       14  handlers.o(i.__scatterload_zeroinit)
    i._printf_core                           0x08003af4   Section        0  printf8.o(i._printf_core)
    _printf_core                             0x08003af5   Thumb Code   996  printf8.o(i._printf_core)
    i._printf_post_padding                   0x08003f04   Section        0  printf8.o(i._printf_post_padding)
    _printf_post_padding                     0x08003f05   Thumb Code    36  printf8.o(i._printf_post_padding)
    i._printf_pre_padding                    0x08003f28   Section        0  printf8.o(i._printf_pre_padding)
    _printf_pre_padding                      0x08003f29   Thumb Code    46  printf8.o(i._printf_pre_padding)
    i.fputc                                  0x08003f58   Section        0  bsp_debug_usart.o(i.fputc)
    i.free                                   0x08003f7c   Section        0  malloc.o(i.free)
    i.i2c_Ack                                0x08003fcc   Section        0  bsp_i2c_touch.o(i.i2c_Ack)
    i.i2c_Delay                              0x08004004   Section        0  bsp_i2c_touch.o(i.i2c_Delay)
    i2c_Delay                                0x08004005   Thumb Code    12  bsp_i2c_touch.o(i.i2c_Delay)
    i.i2c_NAck                               0x08004010   Section        0  bsp_i2c_touch.o(i.i2c_NAck)
    i.i2c_ReadByte                           0x08004040   Section        0  bsp_i2c_touch.o(i.i2c_ReadByte)
    i.i2c_SendByte                           0x08004084   Section        0  bsp_i2c_touch.o(i.i2c_SendByte)
    i.i2c_Start                              0x080040dc   Section        0  bsp_i2c_touch.o(i.i2c_Start)
    i.i2c_Stop                               0x08004114   Section        0  bsp_i2c_touch.o(i.i2c_Stop)
    i.i2c_WaitAck                            0x0800413c   Section        0  bsp_i2c_touch.o(i.i2c_WaitAck)
    i.main                                   0x0800417c   Section        0  main.o(i.main)
    i.malloc                                 0x080041f0   Section        0  malloc.o(i.malloc)
    .constdata                               0x0800425c   Section       36  bsp_lcd.o(.constdata)
    .constdata                               0x08004280   Section     4560  fonts.o(.constdata)
    .constdata                               0x08005450   Section       12  palette.o(.constdata)
    .constdata                               0x0800545c   Section      664  bsp_touch_gtxx.o(.constdata)
    .conststring                             0x080056f4   Section      161  bsp_touch_gtxx.o(.conststring)
    .data                                    0x20000000   Section       16  stm32f4xx_rcc.o(.data)
    APBAHBPrescTable                         0x20000000   Data          16  stm32f4xx_rcc.o(.data)
    .data                                    0x20000010   Section       20  bsp_lcd.o(.data)
    CurrentTextColor                         0x20000012   Data           2  bsp_lcd.o(.data)
    CurrentBackColor                         0x20000014   Data           2  bsp_lcd.o(.data)
    CurrentFrameBuffer                       0x20000018   Data           4  bsp_lcd.o(.data)
    CurrentLayer                             0x2000001c   Data           4  bsp_lcd.o(.data)
    LCD_Currentfonts                         0x20000020   Data           4  bsp_lcd.o(.data)
    .data                                    0x20000024   Section        8  fonts.o(.data)
    .data                                    0x2000002c   Section        1  fonts.o(.data)
    everRead                                 0x2000002c   Data           1  fonts.o(.data)
    .data                                    0x20000030   Section        8  palette.o(.data)
    .data                                    0x20000038   Section        4  bsp_spi_flash.o(.data)
    SPITimeout                               0x20000038   Data           4  bsp_spi_flash.o(.data)
    .data                                    0x2000003c   Section      268  bsp_touch_gtxx.o(.data)
    pre_touch                                0x2000003e   Data           2  bsp_touch_gtxx.o(.data)
    pre_id                                   0x20000040   Data           5  bsp_touch_gtxx.o(.data)
    pre_x                                    0x20000134   Data          10  bsp_touch_gtxx.o(.data)
    pre_y                                    0x2000013e   Data          10  bsp_touch_gtxx.o(.data)
    .data                                    0x20000148   Section        4  stdout.o(.data)
    .data                                    0x2000014c   Section        4  mvars.o(.data)
    .data                                    0x20000150   Section        4  mvars.o(.data)
    .bss                                     0x20000154   Section      432  palette.o(.bss)
    HEAP                                     0x20000308   Section     1024  startup_stm32f429_439xx.o(HEAP)
    STACK                                    0x20000708   Section     1024  startup_stm32f429_439xx.o(STACK)

    Global Symbols

    Symbol Name                              Value     Ov Type        Size  Object(Section)

    BuildAttributes$$THM_ISAv4$E$P$D$K$B$S$7EM$VFPi3$EXTD16$VFPS$VFMA$PE$A:L22UL41UL21$X:L11$S22US41US21$IEEE1$IW$USESV6$~STKCKD$USESV7$~SHL$OSPACE$ROPI$EBA8$MICROLIB$REQ8$PRES8$EABIv2 0x00000000   Number         0  anon$$obj.o ABSOLUTE
    __ARM_use_no_argv                        0x00000000   Number         0  main.o ABSOLUTE
    _printf_a                                0x00000000   Number         0  stubs.o ABSOLUTE
    _printf_c                                0x00000000   Number         0  stubs.o ABSOLUTE
    _printf_charcount                        0x00000000   Number         0  stubs.o ABSOLUTE
    _printf_d                                0x00000000   Number         0  stubs.o ABSOLUTE
    _printf_e                                0x00000000   Number         0  stubs.o ABSOLUTE
    _printf_f                                0x00000000   Number         0  stubs.o ABSOLUTE
    _printf_flags                            0x00000000   Number         0  stubs.o ABSOLUTE
    _printf_fp_dec                           0x00000000   Number         0  stubs.o ABSOLUTE
    _printf_fp_hex                           0x00000000   Number         0  stubs.o ABSOLUTE
    _printf_g                                0x00000000   Number         0  stubs.o ABSOLUTE
    _printf_i                                0x00000000   Number         0  stubs.o ABSOLUTE
    _printf_int_dec                          0x00000000   Number         0  stubs.o ABSOLUTE
    _printf_l                                0x00000000   Number         0  stubs.o ABSOLUTE
    _printf_lc                               0x00000000   Number         0  stubs.o ABSOLUTE
    _printf_ll                               0x00000000   Number         0  stubs.o ABSOLUTE
    _printf_lld                              0x00000000   Number         0  stubs.o ABSOLUTE
    _printf_lli                              0x00000000   Number         0  stubs.o ABSOLUTE
    _printf_llo                              0x00000000   Number         0  stubs.o ABSOLUTE
    _printf_llu                              0x00000000   Number         0  stubs.o ABSOLUTE
    _printf_llx                              0x00000000   Number         0  stubs.o ABSOLUTE
    _printf_longlong_dec                     0x00000000   Number         0  stubs.o ABSOLUTE
    _printf_longlong_hex                     0x00000000   Number         0  stubs.o ABSOLUTE
    _printf_longlong_oct                     0x00000000   Number         0  stubs.o ABSOLUTE
    _printf_ls                               0x00000000   Number         0  stubs.o ABSOLUTE
    _printf_mbtowc                           0x00000000   Number         0  stubs.o ABSOLUTE
    _printf_n                                0x00000000   Number         0  stubs.o ABSOLUTE
    _printf_o                                0x00000000   Number         0  stubs.o ABSOLUTE
    _printf_p                                0x00000000   Number         0  stubs.o ABSOLUTE
    _printf_percent                          0x00000000   Number         0  stubs.o ABSOLUTE
    _printf_pre_padding                      0x00000000   Number         0  stubs.o ABSOLUTE
    _printf_return_value                     0x00000000   Number         0  stubs.o ABSOLUTE
    _printf_s                                0x00000000   Number         0  stubs.o ABSOLUTE
    _printf_sizespec                         0x00000000   Number         0  stubs.o ABSOLUTE
    _printf_str                              0x00000000   Number         0  stubs.o ABSOLUTE
    _printf_truncate_signed                  0x00000000   Number         0  stubs.o ABSOLUTE
    _printf_truncate_unsigned                0x00000000   Number         0  stubs.o ABSOLUTE
    _printf_u                                0x00000000   Number         0  stubs.o ABSOLUTE
    _printf_wc                               0x00000000   Number         0  stubs.o ABSOLUTE
    _printf_wctomb                           0x00000000   Number         0  stubs.o ABSOLUTE
    _printf_widthprec                        0x00000000   Number         0  stubs.o ABSOLUTE
    _printf_x                                0x00000000   Number         0  stubs.o ABSOLUTE
    __cpp_initialize__aeabi_                  - Undefined Weak Reference
    __cxa_finalize                            - Undefined Weak Reference
    _clock_init                               - Undefined Weak Reference
    _microlib_exit                            - Undefined Weak Reference
    __Vectors_Size                           0x000001ac   Number         0  startup_stm32f429_439xx.o ABSOLUTE
    __Vectors                                0x08000000   Data           4  startup_stm32f429_439xx.o(RESET)
    __Vectors_End                            0x080001ac   Data           0  startup_stm32f429_439xx.o(RESET)
    __main                                   0x080001ad   Thumb Code     0  entry.o(.ARM.Collect$$$$00000000)
    _main_stk                                0x080001ad   Thumb Code     0  entry2.o(.ARM.Collect$$$$00000001)
    _main_scatterload                        0x080001b1   Thumb Code     0  entry5.o(.ARM.Collect$$$$00000004)
    __main_after_scatterload                 0x080001b5   Thumb Code     0  entry5.o(.ARM.Collect$$$$00000004)
    _main_clock                              0x080001b5   Thumb Code     0  entry7b.o(.ARM.Collect$$$$00000008)
    _main_cpp_init                           0x080001b5   Thumb Code     0  entry8b.o(.ARM.Collect$$$$0000000A)
    _main_init                               0x080001b5   Thumb Code     0  entry9a.o(.ARM.Collect$$$$0000000B)
    __rt_final_cpp                           0x080001bd   Thumb Code     0  entry10a.o(.ARM.Collect$$$$0000000D)
    __rt_final_exit                          0x080001bd   Thumb Code     0  entry11a.o(.ARM.Collect$$$$0000000F)
    Reset_Handler                            0x080001c1   Thumb Code     8  startup_stm32f429_439xx.o(.text)
    ADC_IRQHandler                           0x080001db   Thumb Code     0  startup_stm32f429_439xx.o(.text)
    CAN1_RX0_IRQHandler                      0x080001db   Thumb Code     0  startup_stm32f429_439xx.o(.text)
    CAN1_RX1_IRQHandler                      0x080001db   Thumb Code     0  startup_stm32f429_439xx.o(.text)
    CAN1_SCE_IRQHandler                      0x080001db   Thumb Code     0  startup_stm32f429_439xx.o(.text)
    CAN1_TX_IRQHandler                       0x080001db   Thumb Code     0  startup_stm32f429_439xx.o(.text)
    CAN2_RX0_IRQHandler                      0x080001db   Thumb Code     0  startup_stm32f429_439xx.o(.text)
    CAN2_RX1_IRQHandler                      0x080001db   Thumb Code     0  startup_stm32f429_439xx.o(.text)
    CAN2_SCE_IRQHandler                      0x080001db   Thumb Code     0  startup_stm32f429_439xx.o(.text)
    CAN2_TX_IRQHandler                       0x080001db   Thumb Code     0  startup_stm32f429_439xx.o(.text)
    CRYP_IRQHandler                          0x080001db   Thumb Code     0  startup_stm32f429_439xx.o(.text)
    DCMI_IRQHandler                          0x080001db   Thumb Code     0  startup_stm32f429_439xx.o(.text)
    DMA1_Stream0_IRQHandler                  0x080001db   Thumb Code     0  startup_stm32f429_439xx.o(.text)
    DMA1_Stream1_IRQHandler                  0x080001db   Thumb Code     0  startup_stm32f429_439xx.o(.text)
    DMA1_Stream2_IRQHandler                  0x080001db   Thumb Code     0  startup_stm32f429_439xx.o(.text)
    DMA1_Stream3_IRQHandler                  0x080001db   Thumb Code     0  startup_stm32f429_439xx.o(.text)
    DMA1_Stream4_IRQHandler                  0x080001db   Thumb Code     0  startup_stm32f429_439xx.o(.text)
    DMA1_Stream5_IRQHandler                  0x080001db   Thumb Code     0  startup_stm32f429_439xx.o(.text)
    DMA1_Stream6_IRQHandler                  0x080001db   Thumb Code     0  startup_stm32f429_439xx.o(.text)
    DMA1_Stream7_IRQHandler                  0x080001db   Thumb Code     0  startup_stm32f429_439xx.o(.text)
    DMA2D_IRQHandler                         0x080001db   Thumb Code     0  startup_stm32f429_439xx.o(.text)
    DMA2_Stream0_IRQHandler                  0x080001db   Thumb Code     0  startup_stm32f429_439xx.o(.text)
    DMA2_Stream1_IRQHandler                  0x080001db   Thumb Code     0  startup_stm32f429_439xx.o(.text)
    DMA2_Stream2_IRQHandler                  0x080001db   Thumb Code     0  startup_stm32f429_439xx.o(.text)
    DMA2_Stream3_IRQHandler                  0x080001db   Thumb Code     0  startup_stm32f429_439xx.o(.text)
    DMA2_Stream4_IRQHandler                  0x080001db   Thumb Code     0  startup_stm32f429_439xx.o(.text)
    DMA2_Stream5_IRQHandler                  0x080001db   Thumb Code     0  startup_stm32f429_439xx.o(.text)
    DMA2_Stream6_IRQHandler                  0x080001db   Thumb Code     0  startup_stm32f429_439xx.o(.text)
    DMA2_Stream7_IRQHandler                  0x080001db   Thumb Code     0  startup_stm32f429_439xx.o(.text)
    ETH_IRQHandler                           0x080001db   Thumb Code     0  startup_stm32f429_439xx.o(.text)
    ETH_WKUP_IRQHandler                      0x080001db   Thumb Code     0  startup_stm32f429_439xx.o(.text)
    EXTI0_IRQHandler                         0x080001db   Thumb Code     0  startup_stm32f429_439xx.o(.text)
    EXTI1_IRQHandler                         0x080001db   Thumb Code     0  startup_stm32f429_439xx.o(.text)
    EXTI2_IRQHandler                         0x080001db   Thumb Code     0  startup_stm32f429_439xx.o(.text)
    EXTI3_IRQHandler                         0x080001db   Thumb Code     0  startup_stm32f429_439xx.o(.text)
    EXTI4_IRQHandler                         0x080001db   Thumb Code     0  startup_stm32f429_439xx.o(.text)
    EXTI9_5_IRQHandler                       0x080001db   Thumb Code     0  startup_stm32f429_439xx.o(.text)
    FLASH_IRQHandler                         0x080001db   Thumb Code     0  startup_stm32f429_439xx.o(.text)
    FMC_IRQHandler                           0x080001db   Thumb Code     0  startup_stm32f429_439xx.o(.text)
    FPU_IRQHandler                           0x080001db   Thumb Code     0  startup_stm32f429_439xx.o(.text)
    HASH_RNG_IRQHandler                      0x080001db   Thumb Code     0  startup_stm32f429_439xx.o(.text)
    I2C1_ER_IRQHandler                       0x080001db   Thumb Code     0  startup_stm32f429_439xx.o(.text)
    I2C1_EV_IRQHandler                       0x080001db   Thumb Code     0  startup_stm32f429_439xx.o(.text)
    I2C2_ER_IRQHandler                       0x080001db   Thumb Code     0  startup_stm32f429_439xx.o(.text)
    I2C2_EV_IRQHandler                       0x080001db   Thumb Code     0  startup_stm32f429_439xx.o(.text)
    I2C3_ER_IRQHandler                       0x080001db   Thumb Code     0  startup_stm32f429_439xx.o(.text)
    I2C3_EV_IRQHandler                       0x080001db   Thumb Code     0  startup_stm32f429_439xx.o(.text)
    LTDC_ER_IRQHandler                       0x080001db   Thumb Code     0  startup_stm32f429_439xx.o(.text)
    LTDC_IRQHandler                          0x080001db   Thumb Code     0  startup_stm32f429_439xx.o(.text)
    OTG_FS_IRQHandler                        0x080001db   Thumb Code     0  startup_stm32f429_439xx.o(.text)
    OTG_FS_WKUP_IRQHandler                   0x080001db   Thumb Code     0  startup_stm32f429_439xx.o(.text)
    OTG_HS_EP1_IN_IRQHandler                 0x080001db   Thumb Code     0  startup_stm32f429_439xx.o(.text)
    OTG_HS_EP1_OUT_IRQHandler                0x080001db   Thumb Code     0  startup_stm32f429_439xx.o(.text)
    OTG_HS_IRQHandler                        0x080001db   Thumb Code     0  startup_stm32f429_439xx.o(.text)
    OTG_HS_WKUP_IRQHandler                   0x080001db   Thumb Code     0  startup_stm32f429_439xx.o(.text)
    PVD_IRQHandler                           0x080001db   Thumb Code     0  startup_stm32f429_439xx.o(.text)
    RCC_IRQHandler                           0x080001db   Thumb Code     0  startup_stm32f429_439xx.o(.text)
    RTC_Alarm_IRQHandler                     0x080001db   Thumb Code     0  startup_stm32f429_439xx.o(.text)
    RTC_WKUP_IRQHandler                      0x080001db   Thumb Code     0  startup_stm32f429_439xx.o(.text)
    SAI1_IRQHandler                          0x080001db   Thumb Code     0  startup_stm32f429_439xx.o(.text)
    SDIO_IRQHandler                          0x080001db   Thumb Code     0  startup_stm32f429_439xx.o(.text)
    SPI1_IRQHandler                          0x080001db   Thumb Code     0  startup_stm32f429_439xx.o(.text)
    SPI2_IRQHandler                          0x080001db   Thumb Code     0  startup_stm32f429_439xx.o(.text)
    SPI3_IRQHandler                          0x080001db   Thumb Code     0  startup_stm32f429_439xx.o(.text)
    SPI4_IRQHandler                          0x080001db   Thumb Code     0  startup_stm32f429_439xx.o(.text)
    SPI5_IRQHandler                          0x080001db   Thumb Code     0  startup_stm32f429_439xx.o(.text)
    SPI6_IRQHandler                          0x080001db   Thumb Code     0  startup_stm32f429_439xx.o(.text)
    TAMP_STAMP_IRQHandler                    0x080001db   Thumb Code     0  startup_stm32f429_439xx.o(.text)
    TIM1_BRK_TIM9_IRQHandler                 0x080001db   Thumb Code     0  startup_stm32f429_439xx.o(.text)
    TIM1_CC_IRQHandler                       0x080001db   Thumb Code     0  startup_stm32f429_439xx.o(.text)
    TIM1_TRG_COM_TIM11_IRQHandler            0x080001db   Thumb Code     0  startup_stm32f429_439xx.o(.text)
    TIM1_UP_TIM10_IRQHandler                 0x080001db   Thumb Code     0  startup_stm32f429_439xx.o(.text)
    TIM2_IRQHandler                          0x080001db   Thumb Code     0  startup_stm32f429_439xx.o(.text)
    TIM3_IRQHandler                          0x080001db   Thumb Code     0  startup_stm32f429_439xx.o(.text)
    TIM4_IRQHandler                          0x080001db   Thumb Code     0  startup_stm32f429_439xx.o(.text)
    TIM5_IRQHandler                          0x080001db   Thumb Code     0  startup_stm32f429_439xx.o(.text)
    TIM6_DAC_IRQHandler                      0x080001db   Thumb Code     0  startup_stm32f429_439xx.o(.text)
    TIM7_IRQHandler                          0x080001db   Thumb Code     0  startup_stm32f429_439xx.o(.text)
    TIM8_BRK_TIM12_IRQHandler                0x080001db   Thumb Code     0  startup_stm32f429_439xx.o(.text)
    TIM8_CC_IRQHandler                       0x080001db   Thumb Code     0  startup_stm32f429_439xx.o(.text)
    TIM8_TRG_COM_TIM14_IRQHandler            0x080001db   Thumb Code     0  startup_stm32f429_439xx.o(.text)
    TIM8_UP_TIM13_IRQHandler                 0x080001db   Thumb Code     0  startup_stm32f429_439xx.o(.text)
    UART4_IRQHandler                         0x080001db   Thumb Code     0  startup_stm32f429_439xx.o(.text)
    UART5_IRQHandler                         0x080001db   Thumb Code     0  startup_stm32f429_439xx.o(.text)
    UART7_IRQHandler                         0x080001db   Thumb Code     0  startup_stm32f429_439xx.o(.text)
    UART8_IRQHandler                         0x080001db   Thumb Code     0  startup_stm32f429_439xx.o(.text)
    USART1_IRQHandler                        0x080001db   Thumb Code     0  startup_stm32f429_439xx.o(.text)
    USART2_IRQHandler                        0x080001db   Thumb Code     0  startup_stm32f429_439xx.o(.text)
    USART3_IRQHandler                        0x080001db   Thumb Code     0  startup_stm32f429_439xx.o(.text)
    USART6_IRQHandler                        0x080001db   Thumb Code     0  startup_stm32f429_439xx.o(.text)
    WWDG_IRQHandler                          0x080001db   Thumb Code     0  startup_stm32f429_439xx.o(.text)
    __aeabi_memcpy                           0x080001e5   Thumb Code    36  memcpya.o(.text)
    __aeabi_memcpy4                          0x080001e5   Thumb Code     0  memcpya.o(.text)
    __aeabi_memcpy8                          0x080001e5   Thumb Code     0  memcpya.o(.text)
    __aeabi_memset                           0x08000209   Thumb Code    14  memseta.o(.text)
    __aeabi_memset4                          0x08000209   Thumb Code     0  memseta.o(.text)
    __aeabi_memset8                          0x08000209   Thumb Code     0  memseta.o(.text)
    __aeabi_memclr                           0x08000217   Thumb Code     4  memseta.o(.text)
    __aeabi_memclr4                          0x08000217   Thumb Code     0  memseta.o(.text)
    __aeabi_memclr8                          0x08000217   Thumb Code     0  memseta.o(.text)
    _memset$wrapper                          0x0800021b   Thumb Code    18  memseta.o(.text)
    __aeabi_uldivmod                         0x0800022d   Thumb Code    98  uldiv.o(.text)
    __scatterload                            0x08000291   Thumb Code    28  init.o(.text)
    __scatterload_rt2                        0x08000291   Thumb Code     0  init.o(.text)
    __aeabi_llsl                             0x080002b5   Thumb Code    30  llshl.o(.text)
    _ll_shift_l                              0x080002b5   Thumb Code     0  llshl.o(.text)
    __aeabi_llsr                             0x080002d3   Thumb Code    32  llushr.o(.text)
    _ll_ushift_r                             0x080002d3   Thumb Code     0  llushr.o(.text)
    __decompress                             0x080002f3   Thumb Code     0  __dczerorl2.o(.text)
    __decompress1                            0x080002f3   Thumb Code    86  __dczerorl2.o(.text)
    BusFault_Handler                         0x08000349   Thumb Code     2  stm32f4xx_it.o(i.BusFault_Handler)
    DMA2D_DeInit                             0x080003d9   Thumb Code    24  stm32f4xx_dma2d.o(i.DMA2D_DeInit)
    DMA2D_GetFlagStatus                      0x080003f1   Thumb Code    16  stm32f4xx_dma2d.o(i.DMA2D_GetFlagStatus)
    DMA2D_Init                               0x08000405   Thumb Code   174  stm32f4xx_dma2d.o(i.DMA2D_Init)
    DMA2D_StartTransfer                      0x080004bd   Thumb Code    12  stm32f4xx_dma2d.o(i.DMA2D_StartTransfer)
    DebugMon_Handler                         0x080004cd   Thumb Code     2  stm32f4xx_it.o(i.DebugMon_Handler)
    Debug_USART_Config                       0x080004d1   Thumb Code   142  bsp_debug_usart.o(i.Debug_USART_Config)
    Delay                                    0x08000569   Thumb Code    18  main.o(i.Delay)
    Draw_Trail                               0x0800098d   Thumb Code   422  palette.o(i.Draw_Trail)
    EXTI15_10_IRQHandler                     0x08000b41   Thumb Code    32  bsp_touch_gtxx.o(i.EXTI15_10_IRQHandler)
    EXTI_ClearITPendingBit                   0x08000b61   Thumb Code     6  stm32f4xx_exti.o(i.EXTI_ClearITPendingBit)
    EXTI_GetITStatus                         0x08000b6d   Thumb Code    16  stm32f4xx_exti.o(i.EXTI_GetITStatus)
    EXTI_Init                                0x08000b81   Thumb Code   110  stm32f4xx_exti.o(i.EXTI_Init)
    FMC_GetFlagStatus                        0x08000bf5   Thumb Code    54  stm32f4xx_fmc.o(i.FMC_GetFlagStatus)
    FMC_SDRAMCmdConfig                       0x08000c2d   Thumb Code    26  stm32f4xx_fmc.o(i.FMC_SDRAMCmdConfig)
    FMC_SDRAMInit                            0x08000c4d   Thumb Code   262  stm32f4xx_fmc.o(i.FMC_SDRAMInit)
    FMC_SetRefreshCount                      0x08000d55   Thumb Code    12  stm32f4xx_fmc.o(i.FMC_SetRefreshCount)
    GPIO_Init                                0x08000d65   Thumb Code   124  stm32f4xx_gpio.o(i.GPIO_Init)
    GPIO_PinAFConfig                         0x08000de1   Thumb Code    32  stm32f4xx_gpio.o(i.GPIO_PinAFConfig)
    GPIO_ReadInputDataBit                    0x08000e01   Thumb Code    14  stm32f4xx_gpio.o(i.GPIO_ReadInputDataBit)
    GPIO_ResetBits                           0x08000e0f   Thumb Code     4  stm32f4xx_gpio.o(i.GPIO_ResetBits)
    GPIO_SetBits                             0x08000e13   Thumb Code     4  stm32f4xx_gpio.o(i.GPIO_SetBits)
    GTP_IRQ_Enable                           0x080010bd   Thumb Code     4  bsp_touch_gtxx.o(i.GTP_IRQ_Enable)
    GTP_Init_Panel                           0x080010c1   Thumb Code   626  bsp_touch_gtxx.o(i.GTP_Init_Panel)
    GTP_Read_Version                         0x080014a5   Thumb Code   414  bsp_touch_gtxx.o(i.GTP_Read_Version)
    GTP_TouchProcess                         0x08001745   Thumb Code     4  bsp_touch_gtxx.o(i.GTP_TouchProcess)
    GetGBKCode_from_EXFlash                  0x08001835   Thumb Code    68  fonts.o(i.GetGBKCode_from_EXFlash)
    HardFault_Handler                        0x08001a1d   Thumb Code    10  stm32f4xx_it.o(i.HardFault_Handler)
    I2C_GTP_IRQDisable                       0x08001af5   Thumb Code   102  bsp_i2c_touch.o(i.I2C_GTP_IRQDisable)
    I2C_GTP_IRQEnable                        0x08001b61   Thumb Code   102  bsp_i2c_touch.o(i.I2C_GTP_IRQEnable)
    I2C_ReadBytes                            0x08001bcd   Thumb Code    70  bsp_i2c_touch.o(i.I2C_ReadBytes)
    I2C_ResetChip                            0x08001c15   Thumb Code   104  bsp_i2c_touch.o(i.I2C_ResetChip)
    I2C_Touch_Init                           0x08001c85   Thumb Code    18  bsp_i2c_touch.o(i.I2C_Touch_Init)
    I2C_WriteBytes                           0x08001cdb   Thumb Code    88  bsp_i2c_touch.o(i.I2C_WriteBytes)
    LCD_Clear                                0x08001d35   Thumb Code    98  bsp_lcd.o(i.LCD_Clear)
    LCD_DispChar_CH                          0x08001da1   Thumb Code   150  bsp_lcd.o(i.LCD_DispChar_CH)
    LCD_DispString_EN_CH                     0x08001e41   Thumb Code   162  bsp_lcd.o(i.LCD_DispString_EN_CH)
    LCD_DisplayChar                          0x08001eed   Thumb Code    26  bsp_lcd.o(i.LCD_DisplayChar)
    LCD_DrawChar                             0x08001f0d   Thumb Code   166  bsp_lcd.o(i.LCD_DrawChar)
    LCD_DrawCircle                           0x08001fbd   Thumb Code   180  bsp_lcd.o(i.LCD_DrawCircle)
    LCD_DrawFullCircle                       0x08002079   Thumb Code   154  bsp_lcd.o(i.LCD_DrawFullCircle)
    LCD_DrawFullRect                         0x08002115   Thumb Code   144  bsp_lcd.o(i.LCD_DrawFullRect)
    LCD_DrawLine                             0x080021ad   Thumb Code   152  bsp_lcd.o(i.LCD_DrawLine)
    LCD_DrawRect                             0x0800224d   Thumb Code    68  bsp_lcd.o(i.LCD_DrawRect)
    LCD_DrawUniLine                          0x08002291   Thumb Code   184  bsp_lcd.o(i.LCD_DrawUniLine)
    LCD_Init                                 0x08002741   Thumb Code   166  bsp_lcd.o(i.LCD_Init)
    LCD_LayerInit                            0x080027f1   Thumb Code   208  bsp_lcd.o(i.LCD_LayerInit)
    LCD_SetColors                            0x080028d1   Thumb Code     8  bsp_lcd.o(i.LCD_SetColors)
    LCD_SetFont                              0x080028dd   Thumb Code     6  bsp_lcd.o(i.LCD_SetFont)
    LCD_SetLayer                             0x080028e9   Thumb Code    48  bsp_lcd.o(i.LCD_SetLayer)
    LCD_SetTextColor                         0x08002921   Thumb Code     6  bsp_lcd.o(i.LCD_SetTextColor)
    LCD_SetTransparency                      0x0800292d   Thumb Code    40  bsp_lcd.o(i.LCD_SetTransparency)
    LED_GPIO_Config                          0x0800295d   Thumb Code    86  bsp_led.o(i.LED_GPIO_Config)
    LTDC_Cmd                                 0x080029b9   Thumb Code    26  stm32f4xx_ltdc.o(i.LTDC_Cmd)
    LTDC_DitherCmd                           0x080029d9   Thumb Code    26  stm32f4xx_ltdc.o(i.LTDC_DitherCmd)
    LTDC_Init                                0x080029f9   Thumb Code   156  stm32f4xx_ltdc.o(i.LTDC_Init)
    LTDC_LayerAlpha                          0x08002aa1   Thumb Code     4  stm32f4xx_ltdc.o(i.LTDC_LayerAlpha)
    LTDC_LayerCmd                            0x08002aa5   Thumb Code    24  stm32f4xx_ltdc.o(i.LTDC_LayerCmd)
    LTDC_LayerInit                           0x08002abd   Thumb Code   150  stm32f4xx_ltdc.o(i.LTDC_LayerInit)
    LTDC_ReloadConfig                        0x08002b55   Thumb Code     6  stm32f4xx_ltdc.o(i.LTDC_ReloadConfig)
    MemManage_Handler                        0x08002b61   Thumb Code     2  stm32f4xx_it.o(i.MemManage_Handler)
    NMI_Handler                              0x08002b63   Thumb Code     2  stm32f4xx_it.o(i.NMI_Handler)
    NVIC_Init                                0x08002b65   Thumb Code    98  misc.o(i.NVIC_Init)
    NVIC_PriorityGroupConfig                 0x08002bcd   Thumb Code    10  misc.o(i.NVIC_PriorityGroupConfig)
    Palette_Init                             0x08002be1   Thumb Code    54  palette.o(i.Palette_Init)
    PendSV_Handler                           0x08002c21   Thumb Code     2  stm32f4xx_it.o(i.PendSV_Handler)
    PutPixel                                 0x08002c25   Thumb Code    52  bsp_lcd.o(i.PutPixel)
    RCC_AHB1PeriphClockCmd                   0x08002c61   Thumb Code    22  stm32f4xx_rcc.o(i.RCC_AHB1PeriphClockCmd)
    RCC_AHB1PeriphResetCmd                   0x08002c7d   Thumb Code    22  stm32f4xx_rcc.o(i.RCC_AHB1PeriphResetCmd)
    RCC_AHB3PeriphClockCmd                   0x08002c99   Thumb Code    22  stm32f4xx_rcc.o(i.RCC_AHB3PeriphClockCmd)
    RCC_APB1PeriphClockCmd                   0x08002cb5   Thumb Code    22  stm32f4xx_rcc.o(i.RCC_APB1PeriphClockCmd)
    RCC_APB2PeriphClockCmd                   0x08002cd1   Thumb Code    22  stm32f4xx_rcc.o(i.RCC_APB2PeriphClockCmd)
    RCC_GetClocksFreq                        0x08002ced   Thumb Code   148  stm32f4xx_rcc.o(i.RCC_GetClocksFreq)
    RCC_GetFlagStatus                        0x08002d91   Thumb Code    50  stm32f4xx_rcc.o(i.RCC_GetFlagStatus)
    RCC_LTDCCLKDivConfig                     0x08002dc9   Thumb Code    14  stm32f4xx_rcc.o(i.RCC_LTDCCLKDivConfig)
    RCC_PLLSAICmd                            0x08002ddd   Thumb Code     6  stm32f4xx_rcc.o(i.RCC_PLLSAICmd)
    RCC_PLLSAIConfig                         0x08002de9   Thumb Code    16  stm32f4xx_rcc.o(i.RCC_PLLSAIConfig)
    SDRAM_Init                               0x08003181   Thumb Code    92  bsp_sdram.o(i.SDRAM_Init)
    SPI_Cmd                                  0x080032a9   Thumb Code    24  stm32f4xx_spi.o(i.SPI_Cmd)
    SPI_FLASH_BufferRead                     0x080032c1   Thumb Code    72  bsp_spi_flash.o(i.SPI_FLASH_BufferRead)
    SPI_FLASH_Init                           0x0800330d   Thumb Code   206  bsp_spi_flash.o(i.SPI_FLASH_Init)
    SPI_FLASH_SendByte                       0x080033e5   Thumb Code   102  bsp_spi_flash.o(i.SPI_FLASH_SendByte)
    SPI_I2S_GetFlagStatus                    0x08003455   Thumb Code    14  stm32f4xx_spi.o(i.SPI_I2S_GetFlagStatus)
    SPI_I2S_ReceiveData                      0x08003463   Thumb Code     4  stm32f4xx_spi.o(i.SPI_I2S_ReceiveData)
    SPI_I2S_SendData                         0x08003467   Thumb Code     4  stm32f4xx_spi.o(i.SPI_I2S_SendData)
    SPI_Init                                 0x0800346b   Thumb Code    56  stm32f4xx_spi.o(i.SPI_Init)
    SVC_Handler                              0x080034e5   Thumb Code     2  stm32f4xx_it.o(i.SVC_Handler)
    SYSCFG_EXTILineConfig                    0x080034e9   Thumb Code    38  stm32f4xx_syscfg.o(i.SYSCFG_EXTILineConfig)
    SysTick_Handler                          0x080035e9   Thumb Code     2  stm32f4xx_it.o(i.SysTick_Handler)
    SystemInit                               0x080035ed   Thumb Code    74  system_stm32f4xx.o(i.SystemInit)
    Touch_Button_Down                        0x08003649   Thumb Code    86  palette.o(i.Touch_Button_Down)
    Touch_Button_Init                        0x080036a5   Thumb Code   676  palette.o(i.Touch_Button_Init)
    Touch_Button_Up                          0x08003971   Thumb Code    80  palette.o(i.Touch_Button_Up)
    USART_Cmd                                0x080039c5   Thumb Code    24  stm32f4xx_usart.o(i.USART_Cmd)
    USART_GetFlagStatus                      0x080039dd   Thumb Code    14  stm32f4xx_usart.o(i.USART_GetFlagStatus)
    USART_Init                               0x080039ed   Thumb Code   180  stm32f4xx_usart.o(i.USART_Init)
    USART_SendData                           0x08003aa9   Thumb Code     8  stm32f4xx_usart.o(i.USART_SendData)
    UsageFault_Handler                       0x08003ab1   Thumb Code     2  stm32f4xx_it.o(i.UsageFault_Handler)
    __0printf$8                              0x08003ab5   Thumb Code    22  printf8.o(i.__0printf$8)
    __1printf$8                              0x08003ab5   Thumb Code     0  printf8.o(i.__0printf$8)
    __2printf                                0x08003ab5   Thumb Code     0  printf8.o(i.__0printf$8)
    __scatterload_copy                       0x08003ad5   Thumb Code    14  handlers.o(i.__scatterload_copy)
    __scatterload_null                       0x08003ae3   Thumb Code     2  handlers.o(i.__scatterload_null)
    __scatterload_zeroinit                   0x08003ae5   Thumb Code    14  handlers.o(i.__scatterload_zeroinit)
    fputc                                    0x08003f59   Thumb Code    30  bsp_debug_usart.o(i.fputc)
    free                                     0x08003f7d   Thumb Code    76  malloc.o(i.free)
    i2c_Ack                                  0x08003fcd   Thumb Code    52  bsp_i2c_touch.o(i.i2c_Ack)
    i2c_NAck                                 0x08004011   Thumb Code    44  bsp_i2c_touch.o(i.i2c_NAck)
    i2c_ReadByte                             0x08004041   Thumb Code    62  bsp_i2c_touch.o(i.i2c_ReadByte)
    i2c_SendByte                             0x08004085   Thumb Code    84  bsp_i2c_touch.o(i.i2c_SendByte)
    i2c_Start                                0x080040dd   Thumb Code    52  bsp_i2c_touch.o(i.i2c_Start)
    i2c_Stop                                 0x08004115   Thumb Code    36  bsp_i2c_touch.o(i.i2c_Stop)
    i2c_WaitAck                              0x0800413d   Thumb Code    60  bsp_i2c_touch.o(i.i2c_WaitAck)
    main                                     0x0800417d   Thumb Code    80  main.o(i.main)
    malloc                                   0x080041f1   Thumb Code    92  malloc.o(i.malloc)
    lcd_param                                0x0800425c   Data          36  bsp_lcd.o(.constdata)
    ASCII16x24_Table                         0x08004280   Data        4560  fonts.o(.constdata)
    color_block_param                        0x08005450   Data          12  palette.o(.constdata)
    CTP_CFG_GT9157                           0x0800546c   Data         186  bsp_touch_gtxx.o(.constdata)
    CTP_CFG_GT911                            0x08005526   Data         186  bsp_touch_gtxx.o(.constdata)
    CTP_CFG_GT5688                           0x080055e0   Data         239  bsp_touch_gtxx.o(.constdata)
    touch_param                              0x080056d0   Data          24  bsp_touch_gtxx.o(.constdata)
    Region$$Table$$Base                      0x08005798   Number         0  anon$$obj.o(Region$$Table)
    Region$$Table$$Limit                     0x080057b8   Number         0  anon$$obj.o(Region$$Table)
    cur_lcd                                  0x20000010   Data           1  bsp_lcd.o(.data)
    Font16x24                                0x20000024   Data           8  fonts.o(.data)
    brush                                    0x20000030   Data           8  palette.o(.data)
    touchIC                                  0x2000003c   Data           1  bsp_touch_gtxx.o(.data)
    CTP_CFG_GT917S                           0x20000045   Data         239  bsp_touch_gtxx.o(.data)
    __stdout                                 0x20000148   Data           4  stdout.o(.data)
    __microlib_freelist                      0x2000014c   Data           4  mvars.o(.data)
    __microlib_freelist_initialised          0x20000150   Data           4  mvars.o(.data)
    button                                   0x20000154   Data         432  palette.o(.bss)
    __heap_base                              0x20000308   Data           0  startup_stm32f429_439xx.o(HEAP)
    __heap_limit                             0x20000708   Data           0  startup_stm32f429_439xx.o(HEAP)
    __initial_sp                             0x20000b08   Data           0  startup_stm32f429_439xx.o(STACK)



==============================================================================

Memory Map of the image

  Image Entry point : 0x080001ad

  Load Region LR_IROM1 (Base: 0x08000000, Size: 0x0000590c, Max: 0x00100000, ABSOLUTE, COMPRESSED[0x000058a4])

    Execution Region ER_IROM1 (Exec base: 0x08000000, Load base: 0x08000000, Size: 0x000057b8, Max: 0x00100000, ABSOLUTE)

    Exec Addr    Load Addr    Size         Type   Attr      Idx    E Section Name        Object

    0x08000000   0x08000000   0x000001ac   Data   RO            3    RESET               startup_stm32f429_439xx.o
    0x080001ac   0x080001ac   0x00000000   Code   RO         6233  * .ARM.Collect$$$$00000000  mc_w.l(entry.o)
    0x080001ac   0x080001ac   0x00000004   Code   RO         6533    .ARM.Collect$$$$00000001  mc_w.l(entry2.o)
    0x080001b0   0x080001b0   0x00000004   Code   RO         6536    .ARM.Collect$$$$00000004  mc_w.l(entry5.o)
    0x080001b4   0x080001b4   0x00000000   Code   RO         6538    .ARM.Collect$$$$00000008  mc_w.l(entry7b.o)
    0x080001b4   0x080001b4   0x00000000   Code   RO         6540    .ARM.Collect$$$$0000000A  mc_w.l(entry8b.o)
    0x080001b4   0x080001b4   0x00000008   Code   RO         6541    .ARM.Collect$$$$0000000B  mc_w.l(entry9a.o)
    0x080001bc   0x080001bc   0x00000000   Code   RO         6543    .ARM.Collect$$$$0000000D  mc_w.l(entry10a.o)
    0x080001bc   0x080001bc   0x00000000   Code   RO         6545    .ARM.Collect$$$$0000000F  mc_w.l(entry11a.o)
    0x080001bc   0x080001bc   0x00000004   Code   RO         6534    .ARM.Collect$$$$00002712  mc_w.l(entry2.o)
    0x080001c0   0x080001c0   0x00000024   Code   RO            4    .text               startup_stm32f429_439xx.o
    0x080001e4   0x080001e4   0x00000024   Code   RO         6236    .text               mc_w.l(memcpya.o)
    0x08000208   0x08000208   0x00000024   Code   RO         6238    .text               mc_w.l(memseta.o)
    0x0800022c   0x0800022c   0x00000062   Code   RO         6550    .text               mc_w.l(uldiv.o)
    0x0800028e   0x0800028e   0x00000002   PAD
    0x08000290   0x08000290   0x00000024   Code   RO         6565    .text               mc_w.l(init.o)
    0x080002b4   0x080002b4   0x0000001e   Code   RO         6567    .text               mc_w.l(llshl.o)
    0x080002d2   0x080002d2   0x00000020   Code   RO         6569    .text               mc_w.l(llushr.o)
    0x080002f2   0x080002f2   0x00000056   Code   RO         6583    .text               mc_w.l(__dczerorl2.o)
    0x08000348   0x08000348   0x00000002   Code   RO         5220    i.BusFault_Handler  stm32f4xx_it.o
    0x0800034a   0x0800034a   0x00000002   PAD
    0x0800034c   0x0800034c   0x00000050   Code   RO         5865    i.Command_Clear_Palette  palette.o
    0x0800039c   0x0800039c   0x00000018   Code   RO         5866    i.Command_Select_Brush  palette.o
    0x080003b4   0x080003b4   0x00000024   Code   RO         5867    i.Command_Select_Color  palette.o
    0x080003d8   0x080003d8   0x00000018   Code   RO         1358    i.DMA2D_DeInit      stm32f4xx_dma2d.o
    0x080003f0   0x080003f0   0x00000014   Code   RO         1363    i.DMA2D_GetFlagStatus  stm32f4xx_dma2d.o
    0x08000404   0x08000404   0x000000b8   Code   RO         1366    i.DMA2D_Init        stm32f4xx_dma2d.o
    0x080004bc   0x080004bc   0x00000010   Code   RO         1368    i.DMA2D_StartTransfer  stm32f4xx_dma2d.o
    0x080004cc   0x080004cc   0x00000002   Code   RO         5221    i.DebugMon_Handler  stm32f4xx_it.o
    0x080004ce   0x080004ce   0x00000002   PAD
    0x080004d0   0x080004d0   0x00000098   Code   RO         5708    i.Debug_USART_Config  bsp_debug_usart.o
    0x08000568   0x08000568   0x00000012   Code   RO         5161    i.Delay             main.o
    0x0800057a   0x0800057a   0x00000012   Code   RO         5744    i.Delay             bsp_i2c_touch.o
    0x0800058c   0x0800058c   0x00000012   Code   RO         6077    i.Delay             bsp_touch_gtxx.o
    0x0800059e   0x0800059e   0x00000002   PAD
    0x080005a0   0x080005a0   0x000000d4   Code   RO         5868    i.Draw_Clear_Button  palette.o
    0x08000674   0x08000674   0x0000006c   Code   RO         5869    i.Draw_Color_Button  palette.o
    0x080006e0   0x080006e0   0x000002ac   Code   RO         5870    i.Draw_Shape_Button  palette.o
    0x0800098c   0x0800098c   0x000001b4   Code   RO         5871    i.Draw_Trail        palette.o
    0x08000b40   0x08000b40   0x00000020   Code   RO         6078    i.EXTI15_10_IRQHandler  bsp_touch_gtxx.o
    0x08000b60   0x08000b60   0x0000000c   Code   RO         1485    i.EXTI_ClearITPendingBit  stm32f4xx_exti.o
    0x08000b6c   0x08000b6c   0x00000014   Code   RO         1489    i.EXTI_GetITStatus  stm32f4xx_exti.o
    0x08000b80   0x08000b80   0x00000074   Code   RO         1490    i.EXTI_Init         stm32f4xx_exti.o
    0x08000bf4   0x08000bf4   0x00000036   Code   RO         1844    i.FMC_GetFlagStatus  stm32f4xx_fmc.o
    0x08000c2a   0x08000c2a   0x00000002   PAD
    0x08000c2c   0x08000c2c   0x00000020   Code   RO         1861    i.FMC_SDRAMCmdConfig  stm32f4xx_fmc.o
    0x08000c4c   0x08000c4c   0x00000106   Code   RO         1863    i.FMC_SDRAMInit     stm32f4xx_fmc.o
    0x08000d52   0x08000d52   0x00000002   PAD
    0x08000d54   0x08000d54   0x00000010   Code   RO         1867    i.FMC_SetRefreshCount  stm32f4xx_fmc.o
    0x08000d64   0x08000d64   0x0000007c   Code   RO         2046    i.GPIO_Init         stm32f4xx_gpio.o
    0x08000de0   0x08000de0   0x00000020   Code   RO         2047    i.GPIO_PinAFConfig  stm32f4xx_gpio.o
    0x08000e00   0x08000e00   0x0000000e   Code   RO         2050    i.GPIO_ReadInputDataBit  stm32f4xx_gpio.o
    0x08000e0e   0x08000e0e   0x00000004   Code   RO         2053    i.GPIO_ResetBits    stm32f4xx_gpio.o
    0x08000e12   0x08000e12   0x00000004   Code   RO         2054    i.GPIO_SetBits      stm32f4xx_gpio.o
    0x08000e16   0x08000e16   0x00000002   PAD
    0x08000e18   0x08000e18   0x00000160   Code   RO         6080    i.GTP_Get_Info      bsp_touch_gtxx.o
    0x08000f78   0x08000f78   0x0000006c   Code   RO         6081    i.GTP_I2C_Read      bsp_touch_gtxx.o
    0x08000fe4   0x08000fe4   0x00000088   Code   RO         6083    i.GTP_I2C_Test      bsp_touch_gtxx.o
    0x0800106c   0x0800106c   0x00000050   Code   RO         6084    i.GTP_I2C_Write     bsp_touch_gtxx.o
    0x080010bc   0x080010bc   0x00000004   Code   RO         6086    i.GTP_IRQ_Enable    bsp_touch_gtxx.o
    0x080010c0   0x080010c0   0x000003e4   Code   RO         6087    i.GTP_Init_Panel    bsp_touch_gtxx.o
    0x080014a4   0x080014a4   0x000002a0   Code   RO         6088    i.GTP_Read_Version  bsp_touch_gtxx.o
    0x08001744   0x08001744   0x00000004   Code   RO         6091    i.GTP_TouchProcess  bsp_touch_gtxx.o
    0x08001748   0x08001748   0x00000088   Code   RO         6092    i.GTP_Touch_Down    bsp_touch_gtxx.o
    0x080017d0   0x080017d0   0x00000064   Code   RO         6093    i.GTP_Touch_Up      bsp_touch_gtxx.o
    0x08001834   0x08001834   0x00000048   Code   RO         5667    i.GetGBKCode_from_EXFlash  fonts.o
    0x0800187c   0x0800187c   0x000001a0   Code   RO         6095    i.Goodix_TS_Work_Func  bsp_touch_gtxx.o
    0x08001a1c   0x08001a1c   0x00000044   Code   RO         5222    i.HardFault_Handler  stm32f4xx_it.o
    0x08001a60   0x08001a60   0x00000094   Code   RO         5745    i.I2C_GPIO_Config   bsp_i2c_touch.o
    0x08001af4   0x08001af4   0x0000006c   Code   RO         5746    i.I2C_GTP_IRQDisable  bsp_i2c_touch.o
    0x08001b60   0x08001b60   0x0000006c   Code   RO         5747    i.I2C_GTP_IRQEnable  bsp_i2c_touch.o
    0x08001bcc   0x08001bcc   0x00000046   Code   RO         5749    i.I2C_ReadBytes     bsp_i2c_touch.o
    0x08001c12   0x08001c12   0x00000002   PAD
    0x08001c14   0x08001c14   0x00000070   Code   RO         5750    i.I2C_ResetChip     bsp_i2c_touch.o
    0x08001c84   0x08001c84   0x00000012   Code   RO         5751    i.I2C_Touch_Init    bsp_i2c_touch.o
    0x08001c96   0x08001c96   0x00000044   Code   RO         6096    i.I2C_Transfer      bsp_touch_gtxx.o
    0x08001cda   0x08001cda   0x00000058   Code   RO         5752    i.I2C_WriteBytes    bsp_i2c_touch.o
    0x08001d32   0x08001d32   0x00000002   PAD
    0x08001d34   0x08001d34   0x0000006c   Code   RO         5379    i.LCD_Clear         bsp_lcd.o
    0x08001da0   0x08001da0   0x000000a0   Code   RO         5384    i.LCD_DispChar_CH   bsp_lcd.o
    0x08001e40   0x08001e40   0x000000ac   Code   RO         5385    i.LCD_DispString_EN_CH  bsp_lcd.o
    0x08001eec   0x08001eec   0x00000020   Code   RO         5386    i.LCD_DisplayChar   bsp_lcd.o
    0x08001f0c   0x08001f0c   0x000000b0   Code   RO         5389    i.LCD_DrawChar      bsp_lcd.o
    0x08001fbc   0x08001fbc   0x000000bc   Code   RO         5390    i.LCD_DrawCircle    bsp_lcd.o
    0x08002078   0x08002078   0x0000009a   Code   RO         5392    i.LCD_DrawFullCircle  bsp_lcd.o
    0x08002112   0x08002112   0x00000002   PAD
    0x08002114   0x08002114   0x00000098   Code   RO         5394    i.LCD_DrawFullRect  bsp_lcd.o
    0x080021ac   0x080021ac   0x000000a0   Code   RO         5395    i.LCD_DrawLine      bsp_lcd.o
    0x0800224c   0x0800224c   0x00000044   Code   RO         5397    i.LCD_DrawRect      bsp_lcd.o
    0x08002290   0x08002290   0x000000b8   Code   RO         5398    i.LCD_DrawUniLine   bsp_lcd.o
    0x08002348   0x08002348   0x000000fc   Code   RO         5872    i.LCD_DrawUniLineCircle  palette.o
    0x08002444   0x08002444   0x000002fc   Code   RO         5401    i.LCD_GPIO_Config   bsp_lcd.o
    0x08002740   0x08002740   0x000000b0   Code   RO         5404    i.LCD_Init          bsp_lcd.o
    0x080027f0   0x080027f0   0x000000e0   Code   RO         5405    i.LCD_LayerInit     bsp_lcd.o
    0x080028d0   0x080028d0   0x0000000c   Code   RO         5412    i.LCD_SetColors     bsp_lcd.o
    0x080028dc   0x080028dc   0x0000000c   Code   RO         5415    i.LCD_SetFont       bsp_lcd.o
    0x080028e8   0x080028e8   0x00000038   Code   RO         5416    i.LCD_SetLayer      bsp_lcd.o
    0x08002920   0x08002920   0x0000000c   Code   RO         5417    i.LCD_SetTextColor  bsp_lcd.o
    0x0800292c   0x0800292c   0x00000030   Code   RO         5418    i.LCD_SetTransparency  bsp_lcd.o
    0x0800295c   0x0800295c   0x0000005c   Code   RO         5298    i.LED_GPIO_Config   bsp_led.o
    0x080029b8   0x080029b8   0x00000020   Code   RO         2620    i.LTDC_Cmd          stm32f4xx_ltdc.o
    0x080029d8   0x080029d8   0x00000020   Code   RO         2624    i.LTDC_DitherCmd    stm32f4xx_ltdc.o
    0x080029f8   0x080029f8   0x000000a8   Code   RO         2631    i.LTDC_Init         stm32f4xx_ltdc.o
    0x08002aa0   0x08002aa0   0x00000004   Code   RO         2634    i.LTDC_LayerAlpha   stm32f4xx_ltdc.o
    0x08002aa4   0x08002aa4   0x00000018   Code   RO         2635    i.LTDC_LayerCmd     stm32f4xx_ltdc.o
    0x08002abc   0x08002abc   0x00000096   Code   RO         2636    i.LTDC_LayerInit    stm32f4xx_ltdc.o
    0x08002b52   0x08002b52   0x00000002   PAD
    0x08002b54   0x08002b54   0x0000000c   Code   RO         2643    i.LTDC_ReloadConfig  stm32f4xx_ltdc.o
    0x08002b60   0x08002b60   0x00000002   Code   RO         5223    i.MemManage_Handler  stm32f4xx_it.o
    0x08002b62   0x08002b62   0x00000002   Code   RO         5224    i.NMI_Handler       stm32f4xx_it.o
    0x08002b64   0x08002b64   0x00000068   Code   RO          164    i.NVIC_Init         misc.o
    0x08002bcc   0x08002bcc   0x00000014   Code   RO          165    i.NVIC_PriorityGroupConfig  misc.o
    0x08002be0   0x08002be0   0x00000040   Code   RO         5873    i.Palette_Init      palette.o
    0x08002c20   0x08002c20   0x00000002   Code   RO         5225    i.PendSV_Handler    stm32f4xx_it.o
    0x08002c22   0x08002c22   0x00000002   PAD
    0x08002c24   0x08002c24   0x0000003c   Code   RO         5422    i.PutPixel          bsp_lcd.o
    0x08002c60   0x08002c60   0x0000001c   Code   RO         2960    i.RCC_AHB1PeriphClockCmd  stm32f4xx_rcc.o
    0x08002c7c   0x08002c7c   0x0000001c   Code   RO         2962    i.RCC_AHB1PeriphResetCmd  stm32f4xx_rcc.o
    0x08002c98   0x08002c98   0x0000001c   Code   RO         2966    i.RCC_AHB3PeriphClockCmd  stm32f4xx_rcc.o
    0x08002cb4   0x08002cb4   0x0000001c   Code   RO         2969    i.RCC_APB1PeriphClockCmd  stm32f4xx_rcc.o
    0x08002cd0   0x08002cd0   0x0000001c   Code   RO         2972    i.RCC_APB2PeriphClockCmd  stm32f4xx_rcc.o
    0x08002cec   0x08002cec   0x000000a4   Code   RO         2981    i.RCC_GetClocksFreq  stm32f4xx_rcc.o
    0x08002d90   0x08002d90   0x00000038   Code   RO         2982    i.RCC_GetFlagStatus  stm32f4xx_rcc.o
    0x08002dc8   0x08002dc8   0x00000014   Code   RO         2993    i.RCC_LTDCCLKDivConfig  stm32f4xx_rcc.o
    0x08002ddc   0x08002ddc   0x0000000c   Code   RO         3002    i.RCC_PLLSAICmd     stm32f4xx_rcc.o
    0x08002de8   0x08002de8   0x00000014   Code   RO         3003    i.RCC_PLLSAIConfig  stm32f4xx_rcc.o
    0x08002dfc   0x08002dfc   0x00000384   Code   RO         5322    i.SDRAM_GPIO_Config  bsp_sdram.o
    0x08003180   0x08003180   0x0000005c   Code   RO         5323    i.SDRAM_Init        bsp_sdram.o
    0x080031dc   0x080031dc   0x000000ac   Code   RO         5324    i.SDRAM_InitSequence  bsp_sdram.o
    0x08003288   0x08003288   0x00000020   Code   RO         5328    i.SDRAM_delay       bsp_sdram.o
    0x080032a8   0x080032a8   0x00000018   Code   RO         4115    i.SPI_Cmd           stm32f4xx_spi.o
    0x080032c0   0x080032c0   0x0000004c   Code   RO         5956    i.SPI_FLASH_BufferRead  bsp_spi_flash.o
    0x0800330c   0x0800330c   0x000000d8   Code   RO         5959    i.SPI_FLASH_Init    bsp_spi_flash.o
    0x080033e4   0x080033e4   0x00000070   Code   RO         5965    i.SPI_FLASH_SendByte  bsp_spi_flash.o
    0x08003454   0x08003454   0x0000000e   Code   RO         4123    i.SPI_I2S_GetFlagStatus  stm32f4xx_spi.o
    0x08003462   0x08003462   0x00000004   Code   RO         4126    i.SPI_I2S_ReceiveData  stm32f4xx_spi.o
    0x08003466   0x08003466   0x00000004   Code   RO         4127    i.SPI_I2S_SendData  stm32f4xx_spi.o
    0x0800346a   0x0800346a   0x00000038   Code   RO         4128    i.SPI_Init          stm32f4xx_spi.o
    0x080034a2   0x080034a2   0x00000002   PAD
    0x080034a4   0x080034a4   0x00000040   Code   RO         5972    i.SPI_TIMEOUT_UserCallback  bsp_spi_flash.o
    0x080034e4   0x080034e4   0x00000002   Code   RO         5226    i.SVC_Handler       stm32f4xx_it.o
    0x080034e6   0x080034e6   0x00000002   PAD
    0x080034e8   0x080034e8   0x0000002c   Code   RO         4280    i.SYSCFG_EXTILineConfig  stm32f4xx_syscfg.o
    0x08003514   0x08003514   0x000000d4   Code   RO           13    i.SetSysClock       system_stm32f4xx.o
    0x080035e8   0x080035e8   0x00000002   Code   RO         5227    i.SysTick_Handler   stm32f4xx_it.o
    0x080035ea   0x080035ea   0x00000002   PAD
    0x080035ec   0x080035ec   0x0000005c   Code   RO           15    i.SystemInit        system_stm32f4xx.o
    0x08003648   0x08003648   0x0000005c   Code   RO         5874    i.Touch_Button_Down  palette.o
    0x080036a4   0x080036a4   0x000002cc   Code   RO         5875    i.Touch_Button_Init  palette.o
    0x08003970   0x08003970   0x00000054   Code   RO         5876    i.Touch_Button_Up   palette.o
    0x080039c4   0x080039c4   0x00000018   Code   RO         4907    i.USART_Cmd         stm32f4xx_usart.o
    0x080039dc   0x080039dc   0x0000000e   Code   RO         4910    i.USART_GetFlagStatus  stm32f4xx_usart.o
    0x080039ea   0x080039ea   0x00000002   PAD
    0x080039ec   0x080039ec   0x000000bc   Code   RO         4914    i.USART_Init        stm32f4xx_usart.o
    0x08003aa8   0x08003aa8   0x00000008   Code   RO         4924    i.USART_SendData    stm32f4xx_usart.o
    0x08003ab0   0x08003ab0   0x00000002   Code   RO         5228    i.UsageFault_Handler  stm32f4xx_it.o
    0x08003ab2   0x08003ab2   0x00000002   PAD
    0x08003ab4   0x08003ab4   0x00000020   Code   RO         6451    i.__0printf$8       mc_w.l(printf8.o)
    0x08003ad4   0x08003ad4   0x0000000e   Code   RO         6577    i.__scatterload_copy  mc_w.l(handlers.o)
    0x08003ae2   0x08003ae2   0x00000002   Code   RO         6578    i.__scatterload_null  mc_w.l(handlers.o)
    0x08003ae4   0x08003ae4   0x0000000e   Code   RO         6579    i.__scatterload_zeroinit  mc_w.l(handlers.o)
    0x08003af2   0x08003af2   0x00000002   PAD
    0x08003af4   0x08003af4   0x00000410   Code   RO         6458    i._printf_core      mc_w.l(printf8.o)
    0x08003f04   0x08003f04   0x00000024   Code   RO         6459    i._printf_post_padding  mc_w.l(printf8.o)
    0x08003f28   0x08003f28   0x0000002e   Code   RO         6460    i._printf_pre_padding  mc_w.l(printf8.o)
    0x08003f56   0x08003f56   0x00000002   PAD
    0x08003f58   0x08003f58   0x00000024   Code   RO         5710    i.fputc             bsp_debug_usart.o
    0x08003f7c   0x08003f7c   0x00000050   Code   RO         6505    i.free              mc_w.l(malloc.o)
    0x08003fcc   0x08003fcc   0x00000038   Code   RO         5753    i.i2c_Ack           bsp_i2c_touch.o
    0x08004004   0x08004004   0x0000000c   Code   RO         5754    i.i2c_Delay         bsp_i2c_touch.o
    0x08004010   0x08004010   0x00000030   Code   RO         5755    i.i2c_NAck          bsp_i2c_touch.o
    0x08004040   0x08004040   0x00000044   Code   RO         5756    i.i2c_ReadByte      bsp_i2c_touch.o
    0x08004084   0x08004084   0x00000058   Code   RO         5757    i.i2c_SendByte      bsp_i2c_touch.o
    0x080040dc   0x080040dc   0x00000038   Code   RO         5758    i.i2c_Start         bsp_i2c_touch.o
    0x08004114   0x08004114   0x00000028   Code   RO         5759    i.i2c_Stop          bsp_i2c_touch.o
    0x0800413c   0x0800413c   0x00000040   Code   RO         5760    i.i2c_WaitAck       bsp_i2c_touch.o
    0x0800417c   0x0800417c   0x00000074   Code   RO         5162    i.main              main.o
    0x080041f0   0x080041f0   0x0000006c   Code   RO         6506    i.malloc            mc_w.l(malloc.o)
    0x0800425c   0x0800425c   0x00000024   Data   RO         5423    .constdata          bsp_lcd.o
    0x08004280   0x08004280   0x000011d0   Data   RO         5668    .constdata          fonts.o
    0x08005450   0x08005450   0x0000000c   Data   RO         5878    .constdata          palette.o
    0x0800545c   0x0800545c   0x00000298   Data   RO         6097    .constdata          bsp_touch_gtxx.o
    0x080056f4   0x080056f4   0x000000a1   Data   RO         6114    .conststring        bsp_touch_gtxx.o
    0x08005795   0x08005795   0x00000003   PAD
    0x08005798   0x08005798   0x00000020   Data   RO         6575    Region$$Table       anon$$obj.o


    Execution Region RW_IRAM1 (Exec base: 0x20000000, Load base: 0x080057b8, Size: 0x00000b08, Max: 0x00030000, ABSOLUTE, COMPRESSED[0x000000ec])

    Exec Addr    Load Addr    Size         Type   Attr      Idx    E Section Name        Object

    0x20000000   COMPRESSED   0x00000010   Data   RW         3013    .data               stm32f4xx_rcc.o
    0x20000010   COMPRESSED   0x00000014   Data   RW         5425    .data               bsp_lcd.o
    0x20000024   COMPRESSED   0x00000008   Data   RW         5672    .data               fonts.o
    0x2000002c   COMPRESSED   0x00000001   Data   RW         5676    .data               fonts.o
    0x2000002d   COMPRESSED   0x00000003   PAD
    0x20000030   COMPRESSED   0x00000008   Data   RW         5879    .data               palette.o
    0x20000038   COMPRESSED   0x00000004   Data   RW         5973    .data               bsp_spi_flash.o
    0x2000003c   COMPRESSED   0x0000010c   Data   RW         6115    .data               bsp_touch_gtxx.o
    0x20000148   COMPRESSED   0x00000004   Data   RW         6547    .data               mc_w.l(stdout.o)
    0x2000014c   COMPRESSED   0x00000004   Data   RW         6552    .data               mc_w.l(mvars.o)
    0x20000150   COMPRESSED   0x00000004   Data   RW         6553    .data               mc_w.l(mvars.o)
    0x20000154        -       0x000001b0   Zero   RW         5877    .bss                palette.o
    0x20000304   COMPRESSED   0x00000004   PAD
    0x20000308        -       0x00000400   Zero   RW            2    HEAP                startup_stm32f429_439xx.o
    0x20000708        -       0x00000400   Zero   RW            1    STACK               startup_stm32f429_439xx.o


==============================================================================

Image component sizes


      Code (inc. data)   RO Data    RW Data    ZI Data      Debug   Object Name

       188         16          0          0          0       1413   bsp_debug_usart.o
      1102         60          0          0          0      11003   bsp_i2c_touch.o
      2918        172         36         20          0      25153   bsp_lcd.o
        92          6          0          0          0        638   bsp_led.o
      1196         28          0          0          0       3341   bsp_sdram.o
       468         74          0          4          0       3525   bsp_spi_flash.o
      3122       1042        825        268          0      16476   bsp_touch_gtxx.o
        72          4       4560          9          0       2546   fonts.o
       134         36          0          0          0       3666   main.o
       124         16          0          0          0       1955   misc.o
      2788        146         12          8        432      12427   palette.o
        36          8        428          0       2048       1004   startup_stm32f429_439xx.o
       244         18          0          0          0       3596   stm32f4xx_dma2d.o
       148         16          0          0          0       2700   stm32f4xx_exti.o
       364         10          0          0          0       4195   stm32f4xx_fmc.o
       178          0          0          0          0       4251   stm32f4xx_gpio.o
        84         58          0          0          0       4654   stm32f4xx_it.o
       422         30          0          0          0       5847   stm32f4xx_ltdc.o
       412         68          0         16          0       9839   stm32f4xx_rcc.o
       102          0          0          0          0       4258   stm32f4xx_spi.o
        44          6          0          0          0        776   stm32f4xx_syscfg.o
       234          8          0          0          0       4052   stm32f4xx_usart.o
       304         34          0          0          0     314357   system_stm32f4xx.o

    ----------------------------------------------------------------------
     14808       1856       5896        328       2484     441672   Object Totals
         0          0         32          0          0          0   (incl. Generated)
        32          0          3          3          4          0   (incl. Padding)

    ----------------------------------------------------------------------

      Code (inc. data)   RO Data    RW Data    ZI Data      Debug   Library Member Name

        86          0          0          0          0          0   __dczerorl2.o
         0          0          0          0          0          0   entry.o
         0          0          0          0          0          0   entry10a.o
         0          0          0          0          0          0   entry11a.o
         8          4          0          0          0          0   entry2.o
         4          0          0          0          0          0   entry5.o
         0          0          0          0          0          0   entry7b.o
         0          0          0          0          0          0   entry8b.o
         8          4          0          0          0          0   entry9a.o
        30          0          0          0          0          0   handlers.o
        36          8          0          0          0         68   init.o
        30          0          0          0          0         68   llshl.o
        32          0          0          0          0         68   llushr.o
       188         20          0          0          0        160   malloc.o
        36          0          0          0          0         68   memcpya.o
        36          0          0          0          0        108   memseta.o
         0          0          0          8          0          0   mvars.o
      1154         54          0          0          0        352   printf8.o
         0          0          0          4          0          0   stdout.o
        98          0          0          0          0         92   uldiv.o

    ----------------------------------------------------------------------
      1752         90          0         12          0        984   Library Totals
         6          0          0          0          0          0   (incl. Padding)

    ----------------------------------------------------------------------

      Code (inc. data)   RO Data    RW Data    ZI Data      Debug   Library Name

      1746         90          0         12          0        984   mc_w.l

    ----------------------------------------------------------------------
      1752         90          0         12          0        984   Library Totals

    ----------------------------------------------------------------------

==============================================================================


      Code (inc. data)   RO Data    RW Data    ZI Data      Debug   

     16560       1946       5896        340       2484     429972   Grand Totals
     16560       1946       5896        236       2484     429972   ELF Image Totals (compressed)
     16560       1946       5896        236          0          0   ROM Totals

==============================================================================

    Total RO  Size (Code + RO Data)                22456 (  21.93kB)
    Total RW  Size (RW Data + ZI Data)              2824 (   2.76kB)
    Total ROM Size (Code + RO Data + RW Data)      22692 (  22.16kB)

==============================================================================

